ARM Linker, RVCT4.0 [Build 728] [Standard]

==============================================================================

Section Cross References

    stm32f10x_it.o(.text) refers to usart.o(.text) for USART1_RxIntHandler
    stm32f10x_it.o(.text) refers to tft.o(.text) for LCD_WriteReg
    stm32f10x_it.o(.text) refers to stm32f10x_exti.o(.text) for EXTI_ClearITPendingBit
    main.o(.text) refers to stm32f10x_gpio.o(.text) for GPIO_Init
    main.o(.text) refers to stm32f10x_rcc.o(.text) for RCC_GetClocksFreq
    main.o(.text) refers to delay.o(.text) for delay_init
    main.o(.text) refers to usart.o(.text) for USART1_Init
    main.o(.text) refers to printf5.o(i.__0printf$5) for __2printf
    main.o(.text) refers to nvic_exit.o(.text) for GpioInit
    main.o(.text) refers to tft.o(.text) for LCD_Init
    main.o(.text) refers to i2c.o(.text) for InitI2C0
    main.o(.text) refers to ov7725.o(.text) for Cmos7725_init
    main.o(.text) refers to tft.o(.data) for POINT_COLOR
    usart.o(.text) refers to stm32f10x_usart.o(.text) for USART_GetFlagStatus
    usart.o(.text) refers to misc.o(.text) for NVIC_Init
    usart.o(.text) refers to stm32f10x_rcc.o(.text) for RCC_APB2PeriphClockCmd
    usart.o(.text) refers to stm32f10x_gpio.o(.text) for GPIO_Init
    usart.o(.text) refers to usart.o(.constdata) for COM_Priority
    usart.o(.text) refers to usart.o(.data) for .data
    usart.o(.text) refers to usart.o(.bss) for .bss
    nvic_exit.o(.text) refers to misc.o(.text) for NVIC_PriorityGroupConfig
    nvic_exit.o(.text) refers to stm32f10x_rcc.o(.text) for RCC_APB2PeriphClockCmd
    nvic_exit.o(.text) refers to stm32f10x_gpio.o(.text) for GPIO_Init
    nvic_exit.o(.text) refers to stm32f10x_exti.o(.text) for EXTI_Init
    nvic_exit.o(.text) refers to nvic_exit.o(.data) for GPIO_PORT
    nvic_exit.o(.text) refers to nvic_exit.o(.constdata) for GPIO_Pin
    delay.o(.text) refers to delay.o(.data) for .data
    tft.o(.text) refers to tft.o(i.LCD_SetCursor) for LCD_SetCursor
    tft.o(.text) refers to delay.o(.text) for delay_ms
    tft.o(.text) refers to printf5.o(i.__0printf$5) for __2printf
    tft.o(.text) refers to tft.o(.data) for DeviceCode
    tft.o(.text) refers to tft.o(.constdata) for asc2_1206
    i2c.o(.text) refers to delay.o(.text) for delay_us
    ov7725.o(.text) refers to i2c.o(.text) for StartI2C0
    ov7725.o(.text) refers to delay.o(.text) for delay_us
    stm32f10x_gpio.o(.text) refers to stm32f10x_rcc.o(.text) for RCC_APB2PeriphResetCmd
    stm32f10x_rcc.o(.text) refers to stm32f10x_rcc.o(.data) for .data
    stm32f10x_usart.o(.text) refers to stm32f10x_rcc.o(.text) for RCC_APB2PeriphResetCmd
    startup_stm32f10x_hd.o(RESET) refers to startup_stm32f10x_hd.o(STACK) for __initial_sp
    startup_stm32f10x_hd.o(RESET) refers to startup_stm32f10x_hd.o(.text) for Reset_Handler
    startup_stm32f10x_hd.o(RESET) refers to stm32f10x_it.o(.text) for NMI_Handler
    startup_stm32f10x_hd.o(.text) refers to system_stm32f10x.o(.text) for SystemInit
    startup_stm32f10x_hd.o(.text) refers to entry.o(.ARM.Collect$$$$00000000) for __main
    system_stm32f10x.o(.text) refers to system_stm32f10x.o(.data) for SystemCoreClock
    entry.o(.ARM.Collect$$$$00000000) refers (Special) to entry7.o(.ARM.Collect$$$$00000007) for _main_init
    entry.o(.ARM.Collect$$$$00000000) refers (Special) to entry5.o(.ARM.Collect$$$$00000004) for _main_scatterload
    entry.o(.ARM.Collect$$$$00000000) refers (Special) to entry2.o(.ARM.Collect$$$$00000001) for _main_stk
    printfb.o(i.__0fprintf$bare) refers to printfb.o(i._printf_core) for _printf_core
    printfb.o(i.__0fprintf$bare) refers to usart.o(.text) for fputc
    printfb.o(i.__0printf$bare) refers to printfb.o(i._printf_core) for _printf_core
    printfb.o(i.__0printf$bare) refers to usart.o(.text) for fputc
    printfb.o(i.__0printf$bare) refers to usart.o(.data) for __stdout
    printfb.o(i.__0snprintf$bare) refers to printfb.o(i._printf_core) for _printf_core
    printfb.o(i.__0snprintf$bare) refers to printfb.o(i._snputc) for _snputc
    printfb.o(i.__0sprintf$bare) refers to printfb.o(i._printf_core) for _printf_core
    printfb.o(i.__0sprintf$bare) refers to printfb.o(i._sputc) for _sputc
    printfb.o(i.__0vfprintf$bare) refers to printfb.o(i._printf_core) for _printf_core
    printfb.o(i.__0vfprintf$bare) refers to usart.o(.text) for fputc
    printfb.o(i.__0vprintf$bare) refers to printfb.o(i._printf_core) for _printf_core
    printfb.o(i.__0vprintf$bare) refers to usart.o(.text) for fputc
    printfb.o(i.__0vprintf$bare) refers to usart.o(.data) for __stdout
    printfb.o(i.__0vsnprintf$bare) refers to printfb.o(i._printf_core) for _printf_core
    printfb.o(i.__0vsnprintf$bare) refers to printfb.o(i._snputc) for _snputc
    printfb.o(i.__0vsprintf$bare) refers to printfb.o(i._printf_core) for _printf_core
    printfb.o(i.__0vsprintf$bare) refers to printfb.o(i._sputc) for _sputc
    printf0.o(i.__0fprintf$0) refers to printf0.o(i._printf_core) for _printf_core
    printf0.o(i.__0fprintf$0) refers to usart.o(.text) for fputc
    printf0.o(i.__0printf$0) refers to printf0.o(i._printf_core) for _printf_core
    printf0.o(i.__0printf$0) refers to usart.o(.text) for fputc
    printf0.o(i.__0printf$0) refers to usart.o(.data) for __stdout
    printf0.o(i.__0snprintf$0) refers to printf0.o(i._printf_core) for _printf_core
    printf0.o(i.__0snprintf$0) refers to printf0.o(i._snputc) for _snputc
    printf0.o(i.__0sprintf$0) refers to printf0.o(i._printf_core) for _printf_core
    printf0.o(i.__0sprintf$0) refers to printf0.o(i._sputc) for _sputc
    printf0.o(i.__0vfprintf$0) refers to printf0.o(i._printf_core) for _printf_core
    printf0.o(i.__0vfprintf$0) refers to usart.o(.text) for fputc
    printf0.o(i.__0vprintf$0) refers to printf0.o(i._printf_core) for _printf_core
    printf0.o(i.__0vprintf$0) refers to usart.o(.text) for fputc
    printf0.o(i.__0vprintf$0) refers to usart.o(.data) for __stdout
    printf0.o(i.__0vsnprintf$0) refers to printf0.o(i._printf_core) for _printf_core
    printf0.o(i.__0vsnprintf$0) refers to printf0.o(i._snputc) for _snputc
    printf0.o(i.__0vsprintf$0) refers to printf0.o(i._printf_core) for _printf_core
    printf0.o(i.__0vsprintf$0) refers to printf0.o(i._sputc) for _sputc
    printf1.o(i.__0fprintf$1) refers to printf1.o(i._printf_core) for _printf_core
    printf1.o(i.__0fprintf$1) refers to usart.o(.text) for fputc
    printf1.o(i.__0printf$1) refers to printf1.o(i._printf_core) for _printf_core
    printf1.o(i.__0printf$1) refers to usart.o(.text) for fputc
    printf1.o(i.__0printf$1) refers to usart.o(.data) for __stdout
    printf1.o(i.__0snprintf$1) refers to printf1.o(i._printf_core) for _printf_core
    printf1.o(i.__0snprintf$1) refers to printf1.o(i._snputc) for _snputc
    printf1.o(i.__0sprintf$1) refers to printf1.o(i._printf_core) for _printf_core
    printf1.o(i.__0sprintf$1) refers to printf1.o(i._sputc) for _sputc
    printf1.o(i.__0vfprintf$1) refers to printf1.o(i._printf_core) for _printf_core
    printf1.o(i.__0vfprintf$1) refers to usart.o(.text) for fputc
    printf1.o(i.__0vprintf$1) refers to printf1.o(i._printf_core) for _printf_core
    printf1.o(i.__0vprintf$1) refers to usart.o(.text) for fputc
    printf1.o(i.__0vprintf$1) refers to usart.o(.data) for __stdout
    printf1.o(i.__0vsnprintf$1) refers to printf1.o(i._printf_core) for _printf_core
    printf1.o(i.__0vsnprintf$1) refers to printf1.o(i._snputc) for _snputc
    printf1.o(i.__0vsprintf$1) refers to printf1.o(i._printf_core) for _printf_core
    printf1.o(i.__0vsprintf$1) refers to printf1.o(i._sputc) for _sputc
    printf1.o(i._printf_core) refers to uidiv.o(.text) for __aeabi_uidivmod
    printf2.o(i.__0fprintf$2) refers to printf2.o(i._printf_core) for _printf_core
    printf2.o(i.__0fprintf$2) refers to usart.o(.text) for fputc
    printf2.o(i.__0printf$2) refers to printf2.o(i._printf_core) for _printf_core
    printf2.o(i.__0printf$2) refers to usart.o(.text) for fputc
    printf2.o(i.__0printf$2) refers to usart.o(.data) for __stdout
    printf2.o(i.__0snprintf$2) refers to printf2.o(i._printf_core) for _printf_core
    printf2.o(i.__0snprintf$2) refers to printf2.o(i._snputc) for _snputc
    printf2.o(i.__0sprintf$2) refers to printf2.o(i._printf_core) for _printf_core
    printf2.o(i.__0sprintf$2) refers to printf2.o(i._sputc) for _sputc
    printf2.o(i.__0vfprintf$2) refers to printf2.o(i._printf_core) for _printf_core
    printf2.o(i.__0vfprintf$2) refers to usart.o(.text) for fputc
    printf2.o(i.__0vprintf$2) refers to printf2.o(i._printf_core) for _printf_core
    printf2.o(i.__0vprintf$2) refers to usart.o(.text) for fputc
    printf2.o(i.__0vprintf$2) refers to usart.o(.data) for __stdout
    printf2.o(i.__0vsnprintf$2) refers to printf2.o(i._printf_core) for _printf_core
    printf2.o(i.__0vsnprintf$2) refers to printf2.o(i._snputc) for _snputc
    printf2.o(i.__0vsprintf$2) refers to printf2.o(i._printf_core) for _printf_core
    printf2.o(i.__0vsprintf$2) refers to printf2.o(i._sputc) for _sputc
    printf3.o(i.__0fprintf$3) refers to printf3.o(i._printf_core) for _printf_core
    printf3.o(i.__0fprintf$3) refers to usart.o(.text) for fputc
    printf3.o(i.__0printf$3) refers to printf3.o(i._printf_core) for _printf_core
    printf3.o(i.__0printf$3) refers to usart.o(.text) for fputc
    printf3.o(i.__0printf$3) refers to usart.o(.data) for __stdout
    printf3.o(i.__0snprintf$3) refers to printf3.o(i._printf_core) for _printf_core
    printf3.o(i.__0snprintf$3) refers to printf3.o(i._snputc) for _snputc
    printf3.o(i.__0sprintf$3) refers to printf3.o(i._printf_core) for _printf_core
    printf3.o(i.__0sprintf$3) refers to printf3.o(i._sputc) for _sputc
    printf3.o(i.__0vfprintf$3) refers to printf3.o(i._printf_core) for _printf_core
    printf3.o(i.__0vfprintf$3) refers to usart.o(.text) for fputc
    printf3.o(i.__0vprintf$3) refers to printf3.o(i._printf_core) for _printf_core
    printf3.o(i.__0vprintf$3) refers to usart.o(.text) for fputc
    printf3.o(i.__0vprintf$3) refers to usart.o(.data) for __stdout
    printf3.o(i.__0vsnprintf$3) refers to printf3.o(i._printf_core) for _printf_core
    printf3.o(i.__0vsnprintf$3) refers to printf3.o(i._snputc) for _snputc
    printf3.o(i.__0vsprintf$3) refers to printf3.o(i._printf_core) for _printf_core
    printf3.o(i.__0vsprintf$3) refers to printf3.o(i._sputc) for _sputc
    printf3.o(i._printf_core) refers to uidiv.o(.text) for __aeabi_uidivmod
    printf4.o(i.__0fprintf$4) refers to printf4.o(i._printf_core) for _printf_core
    printf4.o(i.__0fprintf$4) refers to usart.o(.text) for fputc
    printf4.o(i.__0printf$4) refers to printf4.o(i._printf_core) for _printf_core
    printf4.o(i.__0printf$4) refers to usart.o(.text) for fputc
    printf4.o(i.__0printf$4) refers to usart.o(.data) for __stdout
    printf4.o(i.__0snprintf$4) refers to printf4.o(i._printf_core) for _printf_core
    printf4.o(i.__0snprintf$4) refers to printf4.o(i._snputc) for _snputc
    printf4.o(i.__0sprintf$4) refers to printf4.o(i._printf_core) for _printf_core
    printf4.o(i.__0sprintf$4) refers to printf4.o(i._sputc) for _sputc
    printf4.o(i.__0vfprintf$4) refers to printf4.o(i._printf_core) for _printf_core
    printf4.o(i.__0vfprintf$4) refers to usart.o(.text) for fputc
    printf4.o(i.__0vprintf$4) refers to printf4.o(i._printf_core) for _printf_core
    printf4.o(i.__0vprintf$4) refers to usart.o(.text) for fputc
    printf4.o(i.__0vprintf$4) refers to usart.o(.data) for __stdout
    printf4.o(i.__0vsnprintf$4) refers to printf4.o(i._printf_core) for _printf_core
    printf4.o(i.__0vsnprintf$4) refers to printf4.o(i._snputc) for _snputc
    printf4.o(i.__0vsprintf$4) refers to printf4.o(i._printf_core) for _printf_core
    printf4.o(i.__0vsprintf$4) refers to printf4.o(i._sputc) for _sputc
    printf4.o(i._printf_core) refers to uldiv.o(.text) for __aeabi_uldivmod
    printf5.o(i.__0fprintf$5) refers to printf5.o(i._printf_core) for _printf_core
    printf5.o(i.__0fprintf$5) refers to usart.o(.text) for fputc
    printf5.o(i.__0printf$5) refers to printf5.o(i._printf_core) for _printf_core
    printf5.o(i.__0printf$5) refers to usart.o(.text) for fputc
    printf5.o(i.__0printf$5) refers to usart.o(.data) for __stdout
    printf5.o(i.__0snprintf$5) refers to printf5.o(i._printf_core) for _printf_core
    printf5.o(i.__0snprintf$5) refers to printf5.o(i._snputc) for _snputc
    printf5.o(i.__0sprintf$5) refers to printf5.o(i._printf_core) for _printf_core
    printf5.o(i.__0sprintf$5) refers to printf5.o(i._sputc) for _sputc
    printf5.o(i.__0vfprintf$5) refers to printf5.o(i._printf_core) for _printf_core
    printf5.o(i.__0vfprintf$5) refers to usart.o(.text) for fputc
    printf5.o(i.__0vprintf$5) refers to printf5.o(i._printf_core) for _printf_core
    printf5.o(i.__0vprintf$5) refers to usart.o(.text) for fputc
    printf5.o(i.__0vprintf$5) refers to usart.o(.data) for __stdout
    printf5.o(i.__0vsnprintf$5) refers to printf5.o(i._printf_core) for _printf_core
    printf5.o(i.__0vsnprintf$5) refers to printf5.o(i._snputc) for _snputc
    printf5.o(i.__0vsprintf$5) refers to printf5.o(i._printf_core) for _printf_core
    printf5.o(i.__0vsprintf$5) refers to printf5.o(i._sputc) for _sputc
    printf5.o(i._printf_core) refers to uldiv.o(.text) for __aeabi_uldivmod
    printf6.o(i.__0fprintf$6) refers to printf6.o(i._printf_core) for _printf_core
    printf6.o(i.__0fprintf$6) refers to usart.o(.text) for fputc
    printf6.o(i.__0printf$6) refers to printf6.o(i._printf_core) for _printf_core
    printf6.o(i.__0printf$6) refers to usart.o(.text) for fputc
    printf6.o(i.__0printf$6) refers to usart.o(.data) for __stdout
    printf6.o(i.__0snprintf$6) refers to printf6.o(i._printf_core) for _printf_core
    printf6.o(i.__0snprintf$6) refers to printf6.o(i._snputc) for _snputc
    printf6.o(i.__0sprintf$6) refers to printf6.o(i._printf_core) for _printf_core
    printf6.o(i.__0sprintf$6) refers to printf6.o(i._sputc) for _sputc
    printf6.o(i.__0vfprintf$6) refers to printf6.o(i._printf_core) for _printf_core
    printf6.o(i.__0vfprintf$6) refers to usart.o(.text) for fputc
    printf6.o(i.__0vprintf$6) refers to printf6.o(i._printf_core) for _printf_core
    printf6.o(i.__0vprintf$6) refers to usart.o(.text) for fputc
    printf6.o(i.__0vprintf$6) refers to usart.o(.data) for __stdout
    printf6.o(i.__0vsnprintf$6) refers to printf6.o(i._printf_core) for _printf_core
    printf6.o(i.__0vsnprintf$6) refers to printf6.o(i._snputc) for _snputc
    printf6.o(i.__0vsprintf$6) refers to printf6.o(i._printf_core) for _printf_core
    printf6.o(i.__0vsprintf$6) refers to printf6.o(i._sputc) for _sputc
    printf6.o(i._printf_core) refers to printf6.o(i._printf_pre_padding) for _printf_pre_padding
    printf6.o(i._printf_core) refers to uidiv.o(.text) for __aeabi_uidivmod
    printf6.o(i._printf_core) refers to printf6.o(i._printf_post_padding) for _printf_post_padding
    printf7.o(i.__0fprintf$7) refers to printf7.o(i._printf_core) for _printf_core
    printf7.o(i.__0fprintf$7) refers to usart.o(.text) for fputc
    printf7.o(i.__0printf$7) refers to printf7.o(i._printf_core) for _printf_core
    printf7.o(i.__0printf$7) refers to usart.o(.text) for fputc
    printf7.o(i.__0printf$7) refers to usart.o(.data) for __stdout
    printf7.o(i.__0snprintf$7) refers to printf7.o(i._printf_core) for _printf_core
    printf7.o(i.__0snprintf$7) refers to printf7.o(i._snputc) for _snputc
    printf7.o(i.__0sprintf$7) refers to printf7.o(i._printf_core) for _printf_core
    printf7.o(i.__0sprintf$7) refers to printf7.o(i._sputc) for _sputc
    printf7.o(i.__0vfprintf$7) refers to printf7.o(i._printf_core) for _printf_core
    printf7.o(i.__0vfprintf$7) refers to usart.o(.text) for fputc
    printf7.o(i.__0vprintf$7) refers to printf7.o(i._printf_core) for _printf_core
    printf7.o(i.__0vprintf$7) refers to usart.o(.text) for fputc
    printf7.o(i.__0vprintf$7) refers to usart.o(.data) for __stdout
    printf7.o(i.__0vsnprintf$7) refers to printf7.o(i._printf_core) for _printf_core
    printf7.o(i.__0vsnprintf$7) refers to printf7.o(i._snputc) for _snputc
    printf7.o(i.__0vsprintf$7) refers to printf7.o(i._printf_core) for _printf_core
    printf7.o(i.__0vsprintf$7) refers to printf7.o(i._sputc) for _sputc
    printf7.o(i._printf_core) refers to printf7.o(i._printf_pre_padding) for _printf_pre_padding
    printf7.o(i._printf_core) refers to uldiv.o(.text) for __aeabi_uldivmod
    printf7.o(i._printf_core) refers to printf7.o(i._printf_post_padding) for _printf_post_padding
    printf8.o(i.__0fprintf$8) refers to printf8.o(i._printf_core) for _printf_core
    printf8.o(i.__0fprintf$8) refers to usart.o(.text) for fputc
    printf8.o(i.__0printf$8) refers to printf8.o(i._printf_core) for _printf_core
    printf8.o(i.__0printf$8) refers to usart.o(.text) for fputc
    printf8.o(i.__0printf$8) refers to usart.o(.data) for __stdout
    printf8.o(i.__0snprintf$8) refers to printf8.o(i._printf_core) for _printf_core
    printf8.o(i.__0snprintf$8) refers to printf8.o(i._snputc) for _snputc
    printf8.o(i.__0sprintf$8) refers to printf8.o(i._printf_core) for _printf_core
    printf8.o(i.__0sprintf$8) refers to printf8.o(i._sputc) for _sputc
    printf8.o(i.__0vfprintf$8) refers to printf8.o(i._printf_core) for _printf_core
    printf8.o(i.__0vfprintf$8) refers to usart.o(.text) for fputc
    printf8.o(i.__0vprintf$8) refers to printf8.o(i._printf_core) for _printf_core
    printf8.o(i.__0vprintf$8) refers to usart.o(.text) for fputc
    printf8.o(i.__0vprintf$8) refers to usart.o(.data) for __stdout
    printf8.o(i.__0vsnprintf$8) refers to printf8.o(i._printf_core) for _printf_core
    printf8.o(i.__0vsnprintf$8) refers to printf8.o(i._snputc) for _snputc
    printf8.o(i.__0vsprintf$8) refers to printf8.o(i._printf_core) for _printf_core
    printf8.o(i.__0vsprintf$8) refers to printf8.o(i._sputc) for _sputc
    printf8.o(i._printf_core) refers to printf8.o(i._printf_pre_padding) for _printf_pre_padding
    printf8.o(i._printf_core) refers to uldiv.o(.text) for __aeabi_uldivmod
    printf8.o(i._printf_core) refers to printf8.o(i._printf_post_padding) for _printf_post_padding
    printfa.o(i.__0fprintf) refers (Special) to iusefp.o(.text) for __I$use$fp
    printfa.o(i.__0fprintf) refers to printfa.o(i._printf_core) for _printf_core
    printfa.o(i.__0fprintf) refers to usart.o(.text) for fputc
    printfa.o(i.__0printf) refers (Special) to iusefp.o(.text) for __I$use$fp
    printfa.o(i.__0printf) refers to printfa.o(i._printf_core) for _printf_core
    printfa.o(i.__0printf) refers to usart.o(.text) for fputc
    printfa.o(i.__0printf) refers to usart.o(.data) for __stdout
    printfa.o(i.__0snprintf) refers (Special) to iusefp.o(.text) for __I$use$fp
    printfa.o(i.__0snprintf) refers to printfa.o(i._printf_core) for _printf_core
    printfa.o(i.__0snprintf) refers to printfa.o(i._snputc) for _snputc
    printfa.o(i.__0sprintf) refers (Special) to iusefp.o(.text) for __I$use$fp
    printfa.o(i.__0sprintf) refers to printfa.o(i._printf_core) for _printf_core
    printfa.o(i.__0sprintf) refers to printfa.o(i._sputc) for _sputc
    printfa.o(i.__0vfprintf) refers (Special) to iusefp.o(.text) for __I$use$fp
    printfa.o(i.__0vfprintf) refers to printfa.o(i._printf_core) for _printf_core
    printfa.o(i.__0vfprintf) refers to usart.o(.text) for fputc
    printfa.o(i.__0vprintf) refers (Special) to iusefp.o(.text) for __I$use$fp
    printfa.o(i.__0vprintf) refers to printfa.o(i._printf_core) for _printf_core
    printfa.o(i.__0vprintf) refers to usart.o(.text) for fputc
    printfa.o(i.__0vprintf) refers to usart.o(.data) for __stdout
    printfa.o(i.__0vsnprintf) refers (Special) to iusefp.o(.text) for __I$use$fp
    printfa.o(i.__0vsnprintf) refers to printfa.o(i._printf_core) for _printf_core
    printfa.o(i.__0vsnprintf) refers to printfa.o(i._snputc) for _snputc
    printfa.o(i.__0vsprintf) refers (Special) to iusefp.o(.text) for __I$use$fp
    printfa.o(i.__0vsprintf) refers to printfa.o(i._printf_core) for _printf_core
    printfa.o(i.__0vsprintf) refers to printfa.o(i._sputc) for _sputc
    printfa.o(i._fp_digits) refers (Special) to iusefp.o(.text) for __I$use$fp
    printfa.o(i._fp_digits) refers to dmul.o(.text) for __aeabi_dmul
    printfa.o(i._fp_digits) refers to ddiv.o(.text) for __aeabi_ddiv
    printfa.o(i._fp_digits) refers to cdrcmple.o(.text) for __aeabi_cdrcmple
    printfa.o(i._fp_digits) refers to dadd.o(.text) for __aeabi_dadd
    printfa.o(i._fp_digits) refers to dfixul.o(.text) for __aeabi_d2ulz
    printfa.o(i._fp_digits) refers to uldiv.o(.text) for __aeabi_uldivmod
    printfa.o(i._printf_core) refers (Special) to iusefp.o(.text) for __I$use$fp
    printfa.o(i._printf_core) refers to printfa.o(i._printf_pre_padding) for _printf_pre_padding
    printfa.o(i._printf_core) refers to uldiv.o(.text) for __aeabi_uldivmod
    printfa.o(i._printf_core) refers to printfa.o(i._printf_post_padding) for _printf_post_padding
    printfa.o(i._printf_core) refers to printfa.o(i._fp_digits) for _fp_digits
    printfa.o(i._printf_core) refers to uidiv.o(.text) for __aeabi_uidivmod
    printfa.o(i._printf_post_padding) refers (Special) to iusefp.o(.text) for __I$use$fp
    printfa.o(i._printf_pre_padding) refers (Special) to iusefp.o(.text) for __I$use$fp
    printfa.o(i._snputc) refers (Special) to iusefp.o(.text) for __I$use$fp
    printfa.o(i._sputc) refers (Special) to iusefp.o(.text) for __I$use$fp
    entry2.o(.ARM.Collect$$$$00000001) refers to entry2.o(.ARM.Collect$$$$00002712) for __lit__00000000
    entry2.o(.ARM.Collect$$$$00002712) refers to startup_stm32f10x_hd.o(STACK) for __initial_sp
    entry2.o(__vectab_stack_and_reset_area) refers to startup_stm32f10x_hd.o(STACK) for __initial_sp
    entry2.o(__vectab_stack_and_reset_area) refers to entry.o(.ARM.Collect$$$$00000000) for __main
    entry5.o(.ARM.Collect$$$$00000004) refers to init.o(.text) for __scatterload
    entry7.o(.ARM.Collect$$$$00000007) refers to main.o(.text) for main
    uldiv.o(.text) refers to llushr.o(.text) for __aeabi_llsr
    uldiv.o(.text) refers to llshl.o(.text) for __aeabi_llsl
    dadd.o(.text) refers to llshl.o(.text) for __aeabi_llsl
    dadd.o(.text) refers to llsshr.o(.text) for __aeabi_lasr
    dadd.o(.text) refers to depilogue.o(.text) for _double_epilogue
    dmul.o(.text) refers to depilogue.o(.text) for _double_epilogue
    ddiv.o(.text) refers to depilogue.o(.text) for _double_round
    dfixul.o(.text) refers to llushr.o(.text) for __aeabi_llsr
    dfixul.o(.text) refers to llshl.o(.text) for __aeabi_llsl
    init.o(.text) refers to entry5.o(.ARM.Collect$$$$00000004) for __main_after_scatterload
    depilogue.o(.text) refers to llshl.o(.text) for __aeabi_llsl
    depilogue.o(.text) refers to llushr.o(.text) for __aeabi_llsr
    tft.o(i.LCD_SetCursor) refers to tft.o(.text) for LCD_WriteReg
    tft.o(i.LCD_SetCursor) refers to tft.o(.data) for DeviceCode


==============================================================================

Removing Unused input sections from the image.

    Removing stm32f10x_it.o(.data), (1 bytes).
    Removing startup_stm32f10x_hd.o(HEAP), (512 bytes).
    Removing core_cm3.o(.emb_text), (32 bytes).
    Removing dadd.o(.text), (350 bytes).
    Removing dmul.o(.text), (240 bytes).
    Removing ddiv.o(.text), (280 bytes).
    Removing dfixul.o(.text), (50 bytes).
    Removing cdrcmple.o(.text), (76 bytes).
    Removing depilogue.o(.text), (234 bytes).

9 unused section(s) (total 1775 bytes) removed from the image.

==============================================================================

Image Symbol Table

    Local Symbols

    Symbol Name                              Value     Ov Type        Size  Object(Section)

    ../../microlib/division.c                0x00000000   Number         0  uldiv.o ABSOLUTE
    ../../microlib/division.c                0x00000000   Number         0  uidiv.o ABSOLUTE
    ../../microlib/fpadd.c                   0x00000000   Number         0  dadd.o ABSOLUTE
    ../../microlib/fpdiv.c                   0x00000000   Number         0  ddiv.o ABSOLUTE
    ../../microlib/fpepilogue.c              0x00000000   Number         0  depilogue.o ABSOLUTE
    ../../microlib/fpfix.c                   0x00000000   Number         0  dfixul.o ABSOLUTE
    ../../microlib/fpmul.c                   0x00000000   Number         0  dmul.o ABSOLUTE
    ../../microlib/init/entry.s              0x00000000   Number         0  entry7.o ABSOLUTE
    ../../microlib/init/entry.s              0x00000000   Number         0  entry5.o ABSOLUTE
    ../../microlib/init/entry.s              0x00000000   Number         0  entry2.o ABSOLUTE
    ../../microlib/init/entry.s              0x00000000   Number         0  entry.o ABSOLUTE
    ../../microlib/longlong.c                0x00000000   Number         0  llsshr.o ABSOLUTE
    ../../microlib/longlong.c                0x00000000   Number         0  llushr.o ABSOLUTE
    ../../microlib/longlong.c                0x00000000   Number         0  llshl.o ABSOLUTE
    ../../microlib/printf/printf.c           0x00000000   Number         0  printfa.o ABSOLUTE
    ../../microlib/printf/printf.c           0x00000000   Number         0  printf2.o ABSOLUTE
    ../../microlib/printf/printf.c           0x00000000   Number         0  printf8.o ABSOLUTE
    ../../microlib/printf/printf.c           0x00000000   Number         0  printf7.o ABSOLUTE
    ../../microlib/printf/printf.c           0x00000000   Number         0  printf6.o ABSOLUTE
    ../../microlib/printf/printf.c           0x00000000   Number         0  printf5.o ABSOLUTE
    ../../microlib/printf/printf.c           0x00000000   Number         0  printf4.o ABSOLUTE
    ../../microlib/printf/printf.c           0x00000000   Number         0  printf3.o ABSOLUTE
    ../../microlib/printf/printf.c           0x00000000   Number         0  printf1.o ABSOLUTE
    ../../microlib/printf/printf.c           0x00000000   Number         0  printf0.o ABSOLUTE
    ../../microlib/printf/printf.c           0x00000000   Number         0  printfb.o ABSOLUTE
    ../../microlib/printf/stubs.s            0x00000000   Number         0  stubs.o ABSOLUTE
    ../../microlib/stubs.s                   0x00000000   Number         0  iusefp.o ABSOLUTE
    ../../microlib/stubs.s                   0x00000000   Number         0  useno.o ABSOLUTE
    ..\..\Libraries\CMSIS\CM3\CoreSupport\core_cm3.c 0x00000000   Number         0  core_cm3.o ABSOLUTE
    ..\..\Libraries\CMSIS\CM3\DeviceSupport\ST\STM32F10x\startup\arm\startup_stm32f10x_hd.s 0x00000000   Number         0  startup_stm32f10x_hd.o ABSOLUTE
    ..\..\Libraries\STM32F10x_StdPeriph_Driver\src\misc.c 0x00000000   Number         0  misc.o ABSOLUTE
    ..\..\Libraries\STM32F10x_StdPeriph_Driver\src\stm32f10x_exti.c 0x00000000   Number         0  stm32f10x_exti.o ABSOLUTE
    ..\..\Libraries\STM32F10x_StdPeriph_Driver\src\stm32f10x_gpio.c 0x00000000   Number         0  stm32f10x_gpio.o ABSOLUTE
    ..\..\Libraries\STM32F10x_StdPeriph_Driver\src\stm32f10x_rcc.c 0x00000000   Number         0  stm32f10x_rcc.o ABSOLUTE
    ..\..\Libraries\STM32F10x_StdPeriph_Driver\src\stm32f10x_usart.c 0x00000000   Number         0  stm32f10x_usart.o ABSOLUTE
    ..\..\USER\SRC\I2C.c                     0x00000000   Number         0  i2c.o ABSOLUTE
    ..\..\USER\SRC\Nvic_Exit.c               0x00000000   Number         0  nvic_exit.o ABSOLUTE
    ..\..\USER\SRC\OV7725.c                  0x00000000   Number         0  ov7725.o ABSOLUTE
    ..\..\USER\SRC\TFT.c                     0x00000000   Number         0  tft.o ABSOLUTE
    ..\..\USER\SRC\USART.c                   0x00000000   Number         0  usart.o ABSOLUTE
    ..\..\USER\SRC\delay.c                   0x00000000   Number         0  delay.o ABSOLUTE
    ..\..\USER\SRC\main.c                    0x00000000   Number         0  main.o ABSOLUTE
    ..\..\USER\SRC\stm32f10x_it.c            0x00000000   Number         0  stm32f10x_it.o ABSOLUTE
    ..\..\USER\SRC\system_stm32f10x.c        0x00000000   Number         0  system_stm32f10x.o ABSOLUTE
    ..\\..\\Libraries\\CMSIS\\CM3\\CoreSupport\\core_cm3.c 0x00000000   Number         0  core_cm3.o ABSOLUTE
    cdrcmple.s                               0x00000000   Number         0  cdrcmple.o ABSOLUTE
    dc.s                                     0x00000000   Number         0  dc.o ABSOLUTE
    handlers.s                               0x00000000   Number         0  handlers.o ABSOLUTE
    init.s                                   0x00000000   Number         0  init.o ABSOLUTE
    RESET                                    0x08000000   Section      304  startup_stm32f10x_hd.o(RESET)
    .ARM.Collect$$$$00000000                 0x08000130   Section        0  entry.o(.ARM.Collect$$$$00000000)
    .ARM.Collect$$$$00000001                 0x08000130   Section        4  entry2.o(.ARM.Collect$$$$00000001)
    .ARM.Collect$$$$00000004                 0x08000134   Section        4  entry5.o(.ARM.Collect$$$$00000004)
    .ARM.Collect$$$$00000007                 0x08000138   Section        8  entry7.o(.ARM.Collect$$$$00000007)
    .ARM.Collect$$$$00002712                 0x08000140   Section        4  entry2.o(.ARM.Collect$$$$00002712)
    __lit__00000000                          0x08000140   Data           4  entry2.o(.ARM.Collect$$$$00002712)
    .text                                    0x08000144   Section        0  stm32f10x_it.o(.text)
    .text                                    0x08000254   Section        0  main.o(.text)
    .text                                    0x08000420   Section        0  usart.o(.text)
    USART_NvicCfg                            0x08000447   Thumb Code    36  usart.o(.text)
    USART_HardwareInit                       0x0800046b   Thumb Code   182  usart.o(.text)
    .text                                    0x080008a8   Section        0  nvic_exit.o(.text)
    GetGpioPortNumber                        0x080008bf   Thumb Code    34  nvic_exit.o(.text)
    GetGpioPinNumber                         0x080008e1   Thumb Code    34  nvic_exit.o(.text)
    .text                                    0x080009e8   Section        0  delay.o(.text)
    .text                                    0x08000a84   Section        0  tft.o(.text)
    .text                                    0x08001484   Section        0  i2c.o(.text)
    .text                                    0x0800171c   Section        0  ov7725.o(.text)
    .text                                    0x08001a98   Section        0  misc.o(.text)
    .text                                    0x08001b90   Section        0  stm32f10x_gpio.o(.text)
    .text                                    0x08001edc   Section        0  stm32f10x_rcc.o(.text)
    .text                                    0x08002270   Section        0  stm32f10x_usart.o(.text)
    .text                                    0x08002678   Section        0  stm32f10x_exti.o(.text)
    .text                                    0x080027b4   Section       36  startup_stm32f10x_hd.o(.text)
    .text                                    0x080027d8   Section        0  system_stm32f10x.o(.text)
    SetSysClockTo72                          0x080027d9   Thumb Code   192  system_stm32f10x.o(.text)
    SetSysClock                              0x08002899   Thumb Code     8  system_stm32f10x.o(.text)
    .text                                    0x080029a0   Section        0  uldiv.o(.text)
    .text                                    0x080029fc   Section       36  init.o(.text)
    .text                                    0x08002a20   Section        0  llshl.o(.text)
    .text                                    0x08002a40   Section        0  llushr.o(.text)
    i.LCD_SetCursor                          0x08002a60   Section        0  tft.o(i.LCD_SetCursor)
    i.__0printf$5                            0x08002a9c   Section        0  printf5.o(i.__0printf$5)
    i.__scatterload_copy                     0x08002abc   Section       14  handlers.o(i.__scatterload_copy)
    i.__scatterload_null                     0x08002aca   Section        2  handlers.o(i.__scatterload_null)
    i.__scatterload_zeroinit                 0x08002acc   Section       14  handlers.o(i.__scatterload_zeroinit)
    i._printf_core                           0x08002adc   Section        0  printf5.o(i._printf_core)
    _printf_core                             0x08002add   Thumb Code   700  printf5.o(i._printf_core)
    .constdata                               0x08002dc4   Section       54  usart.o(.constdata)
    .constdata                               0x08002dfc   Section      164  nvic_exit.o(.constdata)
    .constdata                               0x08002ea0   Section     2660  tft.o(.constdata)
    .data                                    0x20000000   Section       32  usart.o(.data)
    COM_USART                                0x20000000   Data           8  usart.o(.data)
    COM_TX_PORT                              0x20000008   Data           8  usart.o(.data)
    COM_RX_PORT                              0x20000010   Data           8  usart.o(.data)
    Index                                    0x20000018   Data           1  usart.o(.data)
    Frame_Length                             0x20000019   Data           1  usart.o(.data)
    RxCounter2                               0x2000001a   Data           1  usart.o(.data)
    ch_cmd                                   0x2000001b   Data           1  usart.o(.data)
    .data                                    0x20000020   Section       28  nvic_exit.o(.data)
    .data                                    0x2000003c   Section        4  delay.o(.data)
    fac_us                                   0x2000003c   Data           1  delay.o(.data)
    fac_ms                                   0x2000003e   Data           2  delay.o(.data)
    .data                                    0x20000040   Section        6  tft.o(.data)
    .data                                    0x20000046   Section       20  stm32f10x_rcc.o(.data)
    APBAHBPrescTable                         0x20000046   Data          16  stm32f10x_rcc.o(.data)
    ADCPrescTable                            0x20000056   Data           4  stm32f10x_rcc.o(.data)
    .data                                    0x2000005c   Section       20  system_stm32f10x.o(.data)
    .bss                                     0x20000070   Section       40  usart.o(.bss)
    COM1_RxBuff                              0x20000070   Data          30  usart.o(.bss)
    RxBuffer2                                0x2000008e   Data          10  usart.o(.bss)
    STACK                                    0x20000098   Section     1024  startup_stm32f10x_hd.o(STACK)

    Global Symbols

    Symbol Name                              Value     Ov Type        Size  Object(Section)

    BuildAttributes$$THM_ISAv4$P$D$K$B$S$PE$A:L22UL41UL21$X:L11$S22US41US21$IEEE1$IW$USESV6$~STKCKD$USESV7$~SHL$OSPACE$ROPI$EBA8$MICROLIB$REQ8$PRES8$EABIv2 0x00000000   Number         0  anon$$obj.o ABSOLUTE
    __ARM_use_no_argv                        0x00000000   Number         0  main.o ABSOLUTE
    __use_no_errno                           0x00000000   Number         0  useno.o ABSOLUTE
    __use_no_exception_handling              0x00000000   Number         0  useno.o ABSOLUTE
    __use_no_fp                              0x00000000   Number         0  useno.o ABSOLUTE
    __use_no_heap                            0x00000000   Number         0  useno.o ABSOLUTE
    __use_no_heap_region                     0x00000000   Number         0  useno.o ABSOLUTE
    __use_no_semihosting                     0x00000000   Number         0  useno.o ABSOLUTE
    __use_no_semihosting_swi                 0x00000000   Number         0  useno.o ABSOLUTE
    __use_no_signal_handling                 0x00000000   Number         0  useno.o ABSOLUTE
    _printf_a                                0x00000000   Number         0  stubs.o ABSOLUTE
    _printf_c                                0x00000000   Number         0  stubs.o ABSOLUTE
    _printf_charcount                        0x00000000   Number         0  stubs.o ABSOLUTE
    _printf_d                                0x00000000   Number         0  stubs.o ABSOLUTE
    _printf_e                                0x00000000   Number         0  stubs.o ABSOLUTE
    _printf_f                                0x00000000   Number         0  stubs.o ABSOLUTE
    _printf_flags                            0x00000000   Number         0  stubs.o ABSOLUTE
    _printf_fp_dec                           0x00000000   Number         0  stubs.o ABSOLUTE
    _printf_fp_hex                           0x00000000   Number         0  stubs.o ABSOLUTE
    _printf_g                                0x00000000   Number         0  stubs.o ABSOLUTE
    _printf_i                                0x00000000   Number         0  stubs.o ABSOLUTE
    _printf_int_dec                          0x00000000   Number         0  stubs.o ABSOLUTE
    _printf_l                                0x00000000   Number         0  stubs.o ABSOLUTE
    _printf_lc                               0x00000000   Number         0  stubs.o ABSOLUTE
    _printf_ll                               0x00000000   Number         0  stubs.o ABSOLUTE
    _printf_lld                              0x00000000   Number         0  stubs.o ABSOLUTE
    _printf_lli                              0x00000000   Number         0  stubs.o ABSOLUTE
    _printf_llo                              0x00000000   Number         0  stubs.o ABSOLUTE
    _printf_llu                              0x00000000   Number         0  stubs.o ABSOLUTE
    _printf_llx                              0x00000000   Number         0  stubs.o ABSOLUTE
    _printf_longlong_dec                     0x00000000   Number         0  stubs.o ABSOLUTE
    _printf_longlong_hex                     0x00000000   Number         0  stubs.o ABSOLUTE
    _printf_longlong_oct                     0x00000000   Number         0  stubs.o ABSOLUTE
    _printf_ls                               0x00000000   Number         0  stubs.o ABSOLUTE
    _printf_mbtowc                           0x00000000   Number         0  stubs.o ABSOLUTE
    _printf_n                                0x00000000   Number         0  stubs.o ABSOLUTE
    _printf_o                                0x00000000   Number         0  stubs.o ABSOLUTE
    _printf_p                                0x00000000   Number         0  stubs.o ABSOLUTE
    _printf_percent                          0x00000000   Number         0  stubs.o ABSOLUTE
    _printf_pre_padding                      0x00000000   Number         0  stubs.o ABSOLUTE
    _printf_return_value                     0x00000000   Number         0  stubs.o ABSOLUTE
    _printf_s                                0x00000000   Number         0  stubs.o ABSOLUTE
    _printf_sizespec                         0x00000000   Number         0  stubs.o ABSOLUTE
    _printf_str                              0x00000000   Number         0  stubs.o ABSOLUTE
    _printf_truncate_signed                  0x00000000   Number         0  stubs.o ABSOLUTE
    _printf_truncate_unsigned                0x00000000   Number         0  stubs.o ABSOLUTE
    _printf_u                                0x00000000   Number         0  stubs.o ABSOLUTE
    _printf_wc                               0x00000000   Number         0  stubs.o ABSOLUTE
    _printf_wctomb                           0x00000000   Number         0  stubs.o ABSOLUTE
    _printf_widthprec                        0x00000000   Number         0  stubs.o ABSOLUTE
    _printf_x                                0x00000000   Number         0  stubs.o ABSOLUTE
    __decompress                              - Undefined Weak Reference
    __Vectors_Size                           0x00000130   Number         0  startup_stm32f10x_hd.o ABSOLUTE
    __Vectors                                0x08000000   Data           4  startup_stm32f10x_hd.o(RESET)
    __Vectors_End                            0x08000130   Data           0  startup_stm32f10x_hd.o(RESET)
    __main                                   0x08000131   Thumb Code     0  entry.o(.ARM.Collect$$$$00000000)
    _main_stk                                0x08000131   Thumb Code     0  entry2.o(.ARM.Collect$$$$00000001)
    _main_scatterload                        0x08000135   Thumb Code     0  entry5.o(.ARM.Collect$$$$00000004)
    __main_after_scatterload                 0x08000139   Thumb Code     0  entry5.o(.ARM.Collect$$$$00000004)
    _main_init                               0x08000139   Thumb Code     0  entry7.o(.ARM.Collect$$$$00000007)
    NMI_Handler                              0x08000145   Thumb Code     2  stm32f10x_it.o(.text)
    HardFault_Handler                        0x08000147   Thumb Code     4  stm32f10x_it.o(.text)
    MemManage_Handler                        0x0800014b   Thumb Code     4  stm32f10x_it.o(.text)
    BusFault_Handler                         0x0800014f   Thumb Code     4  stm32f10x_it.o(.text)
    UsageFault_Handler                       0x08000153   Thumb Code     4  stm32f10x_it.o(.text)
    SVC_Handler                              0x08000157   Thumb Code     2  stm32f10x_it.o(.text)
    DebugMon_Handler                         0x08000159   Thumb Code     2  stm32f10x_it.o(.text)
    PendSV_Handler                           0x0800015b   Thumb Code     2  stm32f10x_it.o(.text)
    SysTick_Handler                          0x0800015d   Thumb Code     2  stm32f10x_it.o(.text)
    USB_HP_CAN1_TX_IRQHandler                0x0800015f   Thumb Code     2  stm32f10x_it.o(.text)
    USB_LP_CAN1_RX0_IRQHandler               0x08000161   Thumb Code     2  stm32f10x_it.o(.text)
    SDIO_IRQHandler                          0x08000163   Thumb Code     2  stm32f10x_it.o(.text)
    USART1_IRQHandler                        0x08000165   Thumb Code     8  stm32f10x_it.o(.text)
    USART2_IRQHandler                        0x0800016d   Thumb Code     8  stm32f10x_it.o(.text)
    EXTI4_IRQHandler                         0x08000175   Thumb Code   196  stm32f10x_it.o(.text)
    CLK_generate                             0x08000255   Thumb Code    48  main.o(.text)
    RCC_Configuration                        0x08000285   Thumb Code    96  main.o(.text)
    main                                     0x080002e5   Thumb Code   208  main.o(.text)
    _sys_exit                                0x08000421   Thumb Code     6  usart.o(.text)
    fputc                                    0x08000427   Thumb Code    32  usart.o(.text)
    USART_SendChar                           0x08000521   Thumb Code    42  usart.o(.text)
    USART1_Init                              0x0800054b   Thumb Code    40  usart.o(.text)
    USART2_Init                              0x08000573   Thumb Code    40  usart.o(.text)
    USART1_RxIntHandler                      0x0800059b   Thumb Code    62  usart.o(.text)
    USART2_RxIntHandler                      0x080005d9   Thumb Code    46  usart.o(.text)
    USART1_Transmit                          0x08000607   Thumb Code    28  usart.o(.text)
    USART2_Transmit                          0x08000623   Thumb Code    28  usart.o(.text)
    USART_Debug                              0x0800063f   Thumb Code    24  usart.o(.text)
    USART_SendLine                           0x08000657   Thumb Code   146  usart.o(.text)
    USART_SendString                         0x080006e9   Thumb Code    22  usart.o(.text)
    USART_GetChar                            0x080006ff   Thumb Code    78  usart.o(.text)
    USART_GetRate                            0x0800074d   Thumb Code    88  usart.o(.text)
    Prints                                   0x080007a5   Thumb Code    22  usart.o(.text)
    PrintLongInt                             0x080007bb   Thumb Code    84  usart.o(.text)
    PrintShortIntHex                         0x0800080f   Thumb Code   100  usart.o(.text)
    PrintHex                                 0x08000873   Thumb Code    48  usart.o(.text)
    NVIC_Config                              0x080008a9   Thumb Code    22  nvic_exit.o(.text)
    GpioInit                                 0x08000903   Thumb Code    64  nvic_exit.o(.text)
    Exit_Init                                0x08000943   Thumb Code   138  nvic_exit.o(.text)
    delay_init                               0x080009e9   Thumb Code    46  delay.o(.text)
    delay_ms                                 0x08000a17   Thumb Code    54  delay.o(.text)
    delay_us                                 0x08000a4d   Thumb Code    52  delay.o(.text)
    LCD_WR_DATA                              0x08000a85   Thumb Code    82  tft.o(.text)
    LCD_WR_REG                               0x08000ad7   Thumb Code    86  tft.o(.text)
    LCD_WriteReg                             0x08000b2d   Thumb Code    20  tft.o(.text)
    LCD_ReadReg                              0x08000b41   Thumb Code   124  tft.o(.text)
    LCD_WriteRAM_Prepare                     0x08000bbd   Thumb Code    10  tft.o(.text)
    LCD_WriteRAM                             0x08000bc7   Thumb Code    12  tft.o(.text)
    LCD_Clear                                0x08000bd3   Thumb Code    38  tft.o(.text)
    LCD_Init                                 0x08000bf9   Thumb Code   734  tft.o(.text)
    LCD_BGR2RGB                              0x08000ed7   Thumb Code    26  tft.o(.text)
    LCD_ReadPoint                            0x08000ef1   Thumb Code   162  tft.o(.text)
    LCD_DisplayOn                            0x08000f93   Thumb Code    14  tft.o(.text)
    LCD_DisplayOff                           0x08000fa1   Thumb Code    12  tft.o(.text)
    LCD_DrawPoint                            0x08000fad   Thumb Code    30  tft.o(.text)
    LCD_Fill                                 0x08000fcb   Thumb Code    84  tft.o(.text)
    LCD_DrawLine                             0x0800101f   Thumb Code   200  tft.o(.text)
    LCD_DrawRectangle                        0x080010e7   Thumb Code    64  tft.o(.text)
    Draw_Circle                              0x08001127   Thumb Code   200  tft.o(.text)
    LCD_ShowChar                             0x080011ef   Thumb Code   314  tft.o(.text)
    mypow                                    0x08001329   Thumb Code    22  tft.o(.text)
    LCD_ShowNum                              0x0800133f   Thumb Code   158  tft.o(.text)
    LCD_Show2Num                             0x080013dd   Thumb Code   102  tft.o(.text)
    LCD_ShowString                           0x08001443   Thumb Code    66  tft.o(.text)
    InitI2C0                                 0x08001485   Thumb Code    46  i2c.o(.text)
    StartI2C0                                0x080014b3   Thumb Code    60  i2c.o(.text)
    StopI2C0                                 0x080014ef   Thumb Code    46  i2c.o(.text)
    NoAck0                                   0x0800151d   Thumb Code    60  i2c.o(.text)
    Ack0                                     0x08001559   Thumb Code    76  i2c.o(.text)
    TestAck0                                 0x080015a5   Thumb Code    76  i2c.o(.text)
    I2CWrite0                                0x080015f1   Thumb Code   178  i2c.o(.text)
    I2CRead0                                 0x080016a3   Thumb Code   100  i2c.o(.text)
    OV7725_WriteReg                          0x0800171d   Thumb Code    78  ov7725.o(.text)
    set_Cmos7725reg                          0x0800176b   Thumb Code   668  ov7725.o(.text)
    Cmos7725_init                            0x08001a07   Thumb Code    44  ov7725.o(.text)
    OV7725_ReadReg                           0x08001a33   Thumb Code   100  ov7725.o(.text)
    NVIC_PriorityGroupConfig                 0x08001a99   Thumb Code    10  misc.o(.text)
    NVIC_Init                                0x08001aa3   Thumb Code   118  misc.o(.text)
    NVIC_SetVectorTable                      0x08001b19   Thumb Code    12  misc.o(.text)
    NVIC_SystemLPConfig                      0x08001b25   Thumb Code    38  misc.o(.text)
    SysTick_CLKSourceConfig                  0x08001b4b   Thumb Code    40  misc.o(.text)
    GPIO_DeInit                              0x08001b91   Thumb Code   172  stm32f10x_gpio.o(.text)
    GPIO_AFIODeInit                          0x08001c3d   Thumb Code    20  stm32f10x_gpio.o(.text)
    GPIO_Init                                0x08001c51   Thumb Code   272  stm32f10x_gpio.o(.text)
    GPIO_StructInit                          0x08001d61   Thumb Code    16  stm32f10x_gpio.o(.text)
    GPIO_ReadInputDataBit                    0x08001d71   Thumb Code    18  stm32f10x_gpio.o(.text)
    GPIO_ReadInputData                       0x08001d83   Thumb Code     8  stm32f10x_gpio.o(.text)
    GPIO_ReadOutputDataBit                   0x08001d8b   Thumb Code    18  stm32f10x_gpio.o(.text)
    GPIO_ReadOutputData                      0x08001d9d   Thumb Code     8  stm32f10x_gpio.o(.text)
    GPIO_SetBits                             0x08001da5   Thumb Code     4  stm32f10x_gpio.o(.text)
    GPIO_ResetBits                           0x08001da9   Thumb Code     4  stm32f10x_gpio.o(.text)
    GPIO_WriteBit                            0x08001dad   Thumb Code    10  stm32f10x_gpio.o(.text)
    GPIO_Write                               0x08001db7   Thumb Code     4  stm32f10x_gpio.o(.text)
    GPIO_PinLockConfig                       0x08001dbb   Thumb Code    18  stm32f10x_gpio.o(.text)
    GPIO_EventOutputConfig                   0x08001dcd   Thumb Code    24  stm32f10x_gpio.o(.text)
    GPIO_EventOutputCmd                      0x08001de5   Thumb Code     6  stm32f10x_gpio.o(.text)
    GPIO_PinRemapConfig                      0x08001deb   Thumb Code   136  stm32f10x_gpio.o(.text)
    GPIO_EXTILineConfig                      0x08001e73   Thumb Code    60  stm32f10x_gpio.o(.text)
    GPIO_ETH_MediaInterfaceConfig            0x08001eaf   Thumb Code     6  stm32f10x_gpio.o(.text)
    RCC_DeInit                               0x08001edd   Thumb Code    64  stm32f10x_rcc.o(.text)
    RCC_HSEConfig                            0x08001f1d   Thumb Code    70  stm32f10x_rcc.o(.text)
    RCC_GetFlagStatus                        0x08001f63   Thumb Code    56  stm32f10x_rcc.o(.text)
    RCC_WaitForHSEStartUp                    0x08001f9b   Thumb Code    48  stm32f10x_rcc.o(.text)
    RCC_AdjustHSICalibrationValue            0x08001fcb   Thumb Code    18  stm32f10x_rcc.o(.text)
    RCC_HSICmd                               0x08001fdd   Thumb Code     6  stm32f10x_rcc.o(.text)
    RCC_PLLConfig                            0x08001fe3   Thumb Code    22  stm32f10x_rcc.o(.text)
    RCC_PLLCmd                               0x08001ff9   Thumb Code     6  stm32f10x_rcc.o(.text)
    RCC_SYSCLKConfig                         0x08001fff   Thumb Code    16  stm32f10x_rcc.o(.text)
    RCC_GetSYSCLKSource                      0x0800200f   Thumb Code    10  stm32f10x_rcc.o(.text)
    RCC_HCLKConfig                           0x08002019   Thumb Code    16  stm32f10x_rcc.o(.text)
    RCC_PCLK1Config                          0x08002029   Thumb Code    16  stm32f10x_rcc.o(.text)
    RCC_PCLK2Config                          0x08002039   Thumb Code    18  stm32f10x_rcc.o(.text)
    RCC_ITConfig                             0x0800204b   Thumb Code    30  stm32f10x_rcc.o(.text)
    RCC_USBCLKConfig                         0x08002069   Thumb Code     6  stm32f10x_rcc.o(.text)
    RCC_ADCCLKConfig                         0x0800206f   Thumb Code    16  stm32f10x_rcc.o(.text)
    RCC_LSEConfig                            0x0800207f   Thumb Code    44  stm32f10x_rcc.o(.text)
    RCC_LSICmd                               0x080020ab   Thumb Code     6  stm32f10x_rcc.o(.text)
    RCC_RTCCLKConfig                         0x080020b1   Thumb Code    12  stm32f10x_rcc.o(.text)
    RCC_RTCCLKCmd                            0x080020bd   Thumb Code     6  stm32f10x_rcc.o(.text)
    RCC_GetClocksFreq                        0x080020c3   Thumb Code   194  stm32f10x_rcc.o(.text)
    RCC_AHBPeriphClockCmd                    0x08002185   Thumb Code    26  stm32f10x_rcc.o(.text)
    RCC_APB2PeriphClockCmd                   0x0800219f   Thumb Code    26  stm32f10x_rcc.o(.text)
    RCC_APB1PeriphClockCmd                   0x080021b9   Thumb Code    26  stm32f10x_rcc.o(.text)
    RCC_APB2PeriphResetCmd                   0x080021d3   Thumb Code    26  stm32f10x_rcc.o(.text)
    RCC_APB1PeriphResetCmd                   0x080021ed   Thumb Code    26  stm32f10x_rcc.o(.text)
    RCC_BackupResetCmd                       0x08002207   Thumb Code     6  stm32f10x_rcc.o(.text)
    RCC_ClockSecuritySystemCmd               0x0800220d   Thumb Code     6  stm32f10x_rcc.o(.text)
    RCC_MCOConfig                            0x08002213   Thumb Code     6  stm32f10x_rcc.o(.text)
    RCC_ClearFlag                            0x08002219   Thumb Code    14  stm32f10x_rcc.o(.text)
    RCC_GetITStatus                          0x08002227   Thumb Code    20  stm32f10x_rcc.o(.text)
    RCC_ClearITPendingBit                    0x0800223b   Thumb Code     6  stm32f10x_rcc.o(.text)
    USART_DeInit                             0x08002271   Thumb Code   134  stm32f10x_usart.o(.text)
    USART_Init                               0x080022f7   Thumb Code   210  stm32f10x_usart.o(.text)
    USART_StructInit                         0x080023c9   Thumb Code    24  stm32f10x_usart.o(.text)
    USART_ClockInit                          0x080023e1   Thumb Code    32  stm32f10x_usart.o(.text)
    USART_ClockStructInit                    0x08002401   Thumb Code    12  stm32f10x_usart.o(.text)
    USART_Cmd                                0x0800240d   Thumb Code    24  stm32f10x_usart.o(.text)
    USART_ITConfig                           0x08002425   Thumb Code    72  stm32f10x_usart.o(.text)
    USART_DMACmd                             0x0800246d   Thumb Code    24  stm32f10x_usart.o(.text)
    USART_SetAddress                         0x08002485   Thumb Code    18  stm32f10x_usart.o(.text)
    USART_WakeUpConfig                       0x08002497   Thumb Code    18  stm32f10x_usart.o(.text)
    USART_ReceiverWakeUpCmd                  0x080024a9   Thumb Code    24  stm32f10x_usart.o(.text)
    USART_LINBreakDetectLengthConfig         0x080024c1   Thumb Code    18  stm32f10x_usart.o(.text)
    USART_LINCmd                             0x080024d3   Thumb Code    24  stm32f10x_usart.o(.text)
    USART_SendData                           0x080024eb   Thumb Code     8  stm32f10x_usart.o(.text)
    USART_ReceiveData                        0x080024f3   Thumb Code    10  stm32f10x_usart.o(.text)
    USART_SendBreak                          0x080024fd   Thumb Code    10  stm32f10x_usart.o(.text)
    USART_SetGuardTime                       0x08002507   Thumb Code    16  stm32f10x_usart.o(.text)
    USART_SetPrescaler                       0x08002517   Thumb Code    16  stm32f10x_usart.o(.text)
    USART_SmartCardCmd                       0x08002527   Thumb Code    24  stm32f10x_usart.o(.text)
    USART_SmartCardNACKCmd                   0x0800253f   Thumb Code    24  stm32f10x_usart.o(.text)
    USART_HalfDuplexCmd                      0x08002557   Thumb Code    24  stm32f10x_usart.o(.text)
    USART_OverSampling8Cmd                   0x0800256f   Thumb Code    22  stm32f10x_usart.o(.text)
    USART_OneBitMethodCmd                    0x08002585   Thumb Code    24  stm32f10x_usart.o(.text)
    USART_IrDAConfig                         0x0800259d   Thumb Code    18  stm32f10x_usart.o(.text)
    USART_IrDACmd                            0x080025af   Thumb Code    24  stm32f10x_usart.o(.text)
    USART_GetFlagStatus                      0x080025c7   Thumb Code    26  stm32f10x_usart.o(.text)
    USART_ClearFlag                          0x080025e1   Thumb Code    18  stm32f10x_usart.o(.text)
    USART_GetITStatus                        0x080025f3   Thumb Code    84  stm32f10x_usart.o(.text)
    USART_ClearITPendingBit                  0x08002647   Thumb Code    50  stm32f10x_usart.o(.text)
    EXTI_DeInit                              0x08002679   Thumb Code    30  stm32f10x_exti.o(.text)
    EXTI_Init                                0x08002697   Thumb Code   160  stm32f10x_exti.o(.text)
    EXTI_StructInit                          0x08002737   Thumb Code    16  stm32f10x_exti.o(.text)
    EXTI_GenerateSWInterrupt                 0x08002747   Thumb Code    16  stm32f10x_exti.o(.text)
    EXTI_GetFlagStatus                       0x08002757   Thumb Code    20  stm32f10x_exti.o(.text)
    EXTI_ClearFlag                           0x0800276b   Thumb Code     6  stm32f10x_exti.o(.text)
    EXTI_GetITStatus                         0x08002771   Thumb Code    34  stm32f10x_exti.o(.text)
    EXTI_ClearITPendingBit                   0x08002793   Thumb Code     6  stm32f10x_exti.o(.text)
    Reset_Handler                            0x080027b5   Thumb Code     8  startup_stm32f10x_hd.o(.text)
    ADC1_2_IRQHandler                        0x080027cf   Thumb Code     0  startup_stm32f10x_hd.o(.text)
    ADC3_IRQHandler                          0x080027cf   Thumb Code     0  startup_stm32f10x_hd.o(.text)
    CAN1_RX1_IRQHandler                      0x080027cf   Thumb Code     0  startup_stm32f10x_hd.o(.text)
    CAN1_SCE_IRQHandler                      0x080027cf   Thumb Code     0  startup_stm32f10x_hd.o(.text)
    DMA1_Channel1_IRQHandler                 0x080027cf   Thumb Code     0  startup_stm32f10x_hd.o(.text)
    DMA1_Channel2_IRQHandler                 0x080027cf   Thumb Code     0  startup_stm32f10x_hd.o(.text)
    DMA1_Channel3_IRQHandler                 0x080027cf   Thumb Code     0  startup_stm32f10x_hd.o(.text)
    DMA1_Channel4_IRQHandler                 0x080027cf   Thumb Code     0  startup_stm32f10x_hd.o(.text)
    DMA1_Channel5_IRQHandler                 0x080027cf   Thumb Code     0  startup_stm32f10x_hd.o(.text)
    DMA1_Channel6_IRQHandler                 0x080027cf   Thumb Code     0  startup_stm32f10x_hd.o(.text)
    DMA1_Channel7_IRQHandler                 0x080027cf   Thumb Code     0  startup_stm32f10x_hd.o(.text)
    DMA2_Channel1_IRQHandler                 0x080027cf   Thumb Code     0  startup_stm32f10x_hd.o(.text)
    DMA2_Channel2_IRQHandler                 0x080027cf   Thumb Code     0  startup_stm32f10x_hd.o(.text)
    DMA2_Channel3_IRQHandler                 0x080027cf   Thumb Code     0  startup_stm32f10x_hd.o(.text)
    DMA2_Channel4_5_IRQHandler               0x080027cf   Thumb Code     0  startup_stm32f10x_hd.o(.text)
    EXTI0_IRQHandler                         0x080027cf   Thumb Code     0  startup_stm32f10x_hd.o(.text)
    EXTI15_10_IRQHandler                     0x080027cf   Thumb Code     0  startup_stm32f10x_hd.o(.text)
    EXTI1_IRQHandler                         0x080027cf   Thumb Code     0  startup_stm32f10x_hd.o(.text)
    EXTI2_IRQHandler                         0x080027cf   Thumb Code     0  startup_stm32f10x_hd.o(.text)
    EXTI3_IRQHandler                         0x080027cf   Thumb Code     0  startup_stm32f10x_hd.o(.text)
    EXTI9_5_IRQHandler                       0x080027cf   Thumb Code     0  startup_stm32f10x_hd.o(.text)
    FLASH_IRQHandler                         0x080027cf   Thumb Code     0  startup_stm32f10x_hd.o(.text)
    FSMC_IRQHandler                          0x080027cf   Thumb Code     0  startup_stm32f10x_hd.o(.text)
    I2C1_ER_IRQHandler                       0x080027cf   Thumb Code     0  startup_stm32f10x_hd.o(.text)
    I2C1_EV_IRQHandler                       0x080027cf   Thumb Code     0  startup_stm32f10x_hd.o(.text)
    I2C2_ER_IRQHandler                       0x080027cf   Thumb Code     0  startup_stm32f10x_hd.o(.text)
    I2C2_EV_IRQHandler                       0x080027cf   Thumb Code     0  startup_stm32f10x_hd.o(.text)
    PVD_IRQHandler                           0x080027cf   Thumb Code     0  startup_stm32f10x_hd.o(.text)
    RCC_IRQHandler                           0x080027cf   Thumb Code     0  startup_stm32f10x_hd.o(.text)
    RTCAlarm_IRQHandler                      0x080027cf   Thumb Code     0  startup_stm32f10x_hd.o(.text)
    RTC_IRQHandler                           0x080027cf   Thumb Code     0  startup_stm32f10x_hd.o(.text)
    SPI1_IRQHandler                          0x080027cf   Thumb Code     0  startup_stm32f10x_hd.o(.text)
    SPI2_IRQHandler                          0x080027cf   Thumb Code     0  startup_stm32f10x_hd.o(.text)
    SPI3_IRQHandler                          0x080027cf   Thumb Code     0  startup_stm32f10x_hd.o(.text)
    TAMPER_IRQHandler                        0x080027cf   Thumb Code     0  startup_stm32f10x_hd.o(.text)
    TIM1_BRK_IRQHandler                      0x080027cf   Thumb Code     0  startup_stm32f10x_hd.o(.text)
    TIM1_CC_IRQHandler                       0x080027cf   Thumb Code     0  startup_stm32f10x_hd.o(.text)
    TIM1_TRG_COM_IRQHandler                  0x080027cf   Thumb Code     0  startup_stm32f10x_hd.o(.text)
    TIM1_UP_IRQHandler                       0x080027cf   Thumb Code     0  startup_stm32f10x_hd.o(.text)
    TIM2_IRQHandler                          0x080027cf   Thumb Code     0  startup_stm32f10x_hd.o(.text)
    TIM3_IRQHandler                          0x080027cf   Thumb Code     0  startup_stm32f10x_hd.o(.text)
    TIM4_IRQHandler                          0x080027cf   Thumb Code     0  startup_stm32f10x_hd.o(.text)
    TIM5_IRQHandler                          0x080027cf   Thumb Code     0  startup_stm32f10x_hd.o(.text)
    TIM6_IRQHandler                          0x080027cf   Thumb Code     0  startup_stm32f10x_hd.o(.text)
    TIM7_IRQHandler                          0x080027cf   Thumb Code     0  startup_stm32f10x_hd.o(.text)
    TIM8_BRK_IRQHandler                      0x080027cf   Thumb Code     0  startup_stm32f10x_hd.o(.text)
    TIM8_CC_IRQHandler                       0x080027cf   Thumb Code     0  startup_stm32f10x_hd.o(.text)
    TIM8_TRG_COM_IRQHandler                  0x080027cf   Thumb Code     0  startup_stm32f10x_hd.o(.text)
    TIM8_UP_IRQHandler                       0x080027cf   Thumb Code     0  startup_stm32f10x_hd.o(.text)
    UART4_IRQHandler                         0x080027cf   Thumb Code     0  startup_stm32f10x_hd.o(.text)
    UART5_IRQHandler                         0x080027cf   Thumb Code     0  startup_stm32f10x_hd.o(.text)
    USART3_IRQHandler                        0x080027cf   Thumb Code     0  startup_stm32f10x_hd.o(.text)
    USBWakeUp_IRQHandler                     0x080027cf   Thumb Code     0  startup_stm32f10x_hd.o(.text)
    WWDG_IRQHandler                          0x080027cf   Thumb Code     0  startup_stm32f10x_hd.o(.text)
    SystemInit                               0x080028a1   Thumb Code    78  system_stm32f10x.o(.text)
    SystemCoreClockUpdate                    0x080028ef   Thumb Code   142  system_stm32f10x.o(.text)
    __aeabi_uldivmod                         0x080029a1   Thumb Code    90  uldiv.o(.text)
    __scatterload                            0x080029fd   Thumb Code    28  init.o(.text)
    __scatterload_rt2                        0x080029fd   Thumb Code     0  init.o(.text)
    __aeabi_llsl                             0x08002a21   Thumb Code    32  llshl.o(.text)
    _ll_shift_l                              0x08002a21   Thumb Code     0  llshl.o(.text)
    __aeabi_llsr                             0x08002a41   Thumb Code    30  llushr.o(.text)
    _ll_ushift_r                             0x08002a41   Thumb Code     0  llushr.o(.text)
    LCD_SetCursor                            0x08002a61   Thumb Code    54  tft.o(i.LCD_SetCursor)
    __0printf$5                              0x08002a9d   Thumb Code    22  printf5.o(i.__0printf$5)
    __1printf$5                              0x08002a9d   Thumb Code     0  printf5.o(i.__0printf$5)
    __2printf                                0x08002a9d   Thumb Code     0  printf5.o(i.__0printf$5)
    __scatterload_copy                       0x08002abd   Thumb Code    14  handlers.o(i.__scatterload_copy)
    __scatterload_null                       0x08002acb   Thumb Code     2  handlers.o(i.__scatterload_null)
    __scatterload_zeroinit                   0x08002acd   Thumb Code    14  handlers.o(i.__scatterload_zeroinit)
    COM_USART_CLK                            0x08002dc4   Data           8  usart.o(.constdata)
    COM_TX_PORT_CLK                          0x08002dcc   Data           8  usart.o(.constdata)
    COM_RX_PORT_CLK                          0x08002dd4   Data           8  usart.o(.constdata)
    COM_TX_PIN                               0x08002ddc   Data           4  usart.o(.constdata)
    COM_RX_PIN                               0x08002de0   Data           4  usart.o(.constdata)
    COM_IRQn                                 0x08002de4   Data           4  usart.o(.constdata)
    COM_Priority                             0x08002de8   Data           2  usart.o(.constdata)
    HexTable                                 0x08002dea   Data          16  usart.o(.constdata)
    GPIO_Pin                                 0x08002dfc   Data          32  nvic_exit.o(.constdata)
    GPIO_PortClk                             0x08002e1c   Data          28  nvic_exit.o(.constdata)
    GPIO_PortSuorce                          0x08002e38   Data           7  nvic_exit.o(.constdata)
    GPIO_PinSource                           0x08002e3f   Data          16  nvic_exit.o(.constdata)
    EXINT_Line                               0x08002e50   Data          64  nvic_exit.o(.constdata)
    Exit_IRQn                                0x08002e90   Data          16  nvic_exit.o(.constdata)
    asc2_1206                                0x08002ea0   Data        1140  tft.o(.constdata)
    asc2_1608                                0x08003314   Data        1520  tft.o(.constdata)
    Region$$Table$$Base                      0x08003904   Number         0  anon$$obj.o(Region$$Table)
    Region$$Table$$Limit                     0x08003924   Number         0  anon$$obj.o(Region$$Table)
    __stdout                                 0x2000001c   Data           4  usart.o(.data)
    GPIO_PORT                                0x20000020   Data          28  nvic_exit.o(.data)
    POINT_COLOR                              0x20000040   Data           2  tft.o(.data)
    BACK_COLOR                               0x20000042   Data           2  tft.o(.data)
    DeviceCode                               0x20000044   Data           2  tft.o(.data)
    SystemCoreClock                          0x2000005c   Data           4  system_stm32f10x.o(.data)
    AHBPrescTable                            0x20000060   Data          16  system_stm32f10x.o(.data)
    __initial_sp                             0x20000498   Data           0  startup_stm32f10x_hd.o(STACK)



==============================================================================

Memory Map of the image

  Image Entry point : 0x08000131

  Load Region LR_IROM1 (Base: 0x08000000, Size: 0x00003994, Max: 0x00040000, ABSOLUTE)

    Execution Region ER_IROM1 (Base: 0x08000000, Size: 0x00003924, Max: 0x00040000, ABSOLUTE)

    Base Addr    Size         Type   Attr      Idx    E Section Name        Object

    0x08000000   0x00000130   Data   RO          328    RESET               startup_stm32f10x_hd.o
    0x08000130   0x00000000   Code   RO          362  * .ARM.Collect$$$$00000000  entry.o(mc_w.l)
    0x08000130   0x00000004   Code   RO          626    .ARM.Collect$$$$00000001  entry2.o(mc_w.l)
    0x08000134   0x00000004   Code   RO          629    .ARM.Collect$$$$00000004  entry5.o(mc_w.l)
    0x08000138   0x00000008   Code   RO          630    .ARM.Collect$$$$00000007  entry7.o(mc_w.l)
    0x08000140   0x00000004   Code   RO          627    .ARM.Collect$$$$00002712  entry2.o(mc_w.l)
    0x08000144   0x00000110   Code   RO            1    .text               stm32f10x_it.o
    0x08000254   0x000001cc   Code   RO          123    .text               main.o
    0x08000420   0x00000488   Code   RO          154    .text               usart.o
    0x080008a8   0x00000140   Code   RO          178    .text               nvic_exit.o
    0x080009e8   0x0000009c   Code   RO          194    .text               delay.o
    0x08000a84   0x00000a00   Code   RO          208    .text               tft.o
    0x08001484   0x00000298   Code   RO          240    .text               i2c.o
    0x0800171c   0x0000037a   Code   RO          252    .text               ov7725.o
    0x08001a96   0x00000002   PAD
    0x08001a98   0x000000f8   Code   RO          264    .text               misc.o
    0x08001b90   0x0000034c   Code   RO          276    .text               stm32f10x_gpio.o
    0x08001edc   0x00000394   Code   RO          288    .text               stm32f10x_rcc.o
    0x08002270   0x00000408   Code   RO          302    .text               stm32f10x_usart.o
    0x08002678   0x0000013c   Code   RO          314    .text               stm32f10x_exti.o
    0x080027b4   0x00000024   Code   RO          329    .text               startup_stm32f10x_hd.o
    0x080027d8   0x000001c8   Code   RO          344    .text               system_stm32f10x.o
    0x080029a0   0x0000005a   Code   RO          633    .text               uldiv.o(mc_w.l)
    0x080029fa   0x00000002   PAD
    0x080029fc   0x00000024   Code   RO          646    .text               init.o(mc_w.l)
    0x08002a20   0x00000020   Code   RO          648    .text               llshl.o(mc_w.l)
    0x08002a40   0x0000001e   Code   RO          650    .text               llushr.o(mc_w.l)
    0x08002a5e   0x00000002   PAD
    0x08002a60   0x0000003c   Code   RO          221    i.LCD_SetCursor     tft.o
    0x08002a9c   0x00000020   Code   RO          498    i.__0printf$5       printf5.o(mc_w.l)
    0x08002abc   0x0000000e   Code   RO          658    i.__scatterload_copy  handlers.o(mc_w.l)
    0x08002aca   0x00000002   Code   RO          659    i.__scatterload_null  handlers.o(mc_w.l)
    0x08002acc   0x0000000e   Code   RO          660    i.__scatterload_zeroinit  handlers.o(mc_w.l)
    0x08002ada   0x00000002   PAD
    0x08002adc   0x000002e8   Code   RO          505    i._printf_core      printf5.o(mc_w.l)
    0x08002dc4   0x00000036   Data   RO          156    .constdata          usart.o
    0x08002dfa   0x00000002   PAD
    0x08002dfc   0x000000a4   Data   RO          179    .constdata          nvic_exit.o
    0x08002ea0   0x00000a64   Data   RO          209    .constdata          tft.o
    0x08003904   0x00000020   Data   RO          656    Region$$Table       anon$$obj.o


    Execution Region RW_IRAM1 (Base: 0x20000000, Size: 0x00000498, Max: 0x0000c000, ABSOLUTE)

    Base Addr    Size         Type   Attr      Idx    E Section Name        Object

    0x20000000   0x00000020   Data   RW          157    .data               usart.o
    0x20000020   0x0000001c   Data   RW          180    .data               nvic_exit.o
    0x2000003c   0x00000004   Data   RW          195    .data               delay.o
    0x20000040   0x00000006   Data   RW          210    .data               tft.o
    0x20000046   0x00000014   Data   RW          289    .data               stm32f10x_rcc.o
    0x2000005a   0x00000002   PAD
    0x2000005c   0x00000014   Data   RW          345    .data               system_stm32f10x.o
    0x20000070   0x00000028   Zero   RW          155    .bss                usart.o
    0x20000098   0x00000400   Zero   RW          326    STACK               startup_stm32f10x_hd.o


==============================================================================

Image component sizes


      Code (inc. data)   RO Data    RW Data    ZI Data      Debug   Object Name

       156          4          0          4          0       1059   delay.o
       664         22          0          0          0       1778   i2c.o
       460        108          0          0          0       1026   main.o
       248         30          0          0          0       1961   misc.o
       320         28        164         28          0       3123   nvic_exit.o
       890          0          0          0          0       1683   ov7725.o
        36          8        304          0       1024        668   startup_stm32f10x_hd.o
       316         28          0          0          0       2411   stm32f10x_exti.o
       844         40          0          0          0       5849   stm32f10x_gpio.o
       272         28          0          0          0     237064   stm32f10x_it.o
       916         48          0         20          0       9016   stm32f10x_rcc.o
      1032         20          0          0          0       8596   stm32f10x_usart.o
       456         36          0         20          0       1931   system_stm32f10x.o
      2620        118       2660          6          0       8907   tft.o
      1160         50         54         32         40       8768   usart.o

    ----------------------------------------------------------------------
     10392        568       3216        112       1064     293840   Object Totals
         0          0         32          0          0          0   (incl. Generated)
         2          0          2          2          0          2   (incl. Padding)

    ----------------------------------------------------------------------

      Code (inc. data)   RO Data    RW Data    ZI Data      Debug   Library Member Name

         0          0          0          0          0          0   entry.o
         8          4          0          0          0          0   entry2.o
         4          0          0          0          0          0   entry5.o
         8          4          0          0          0          0   entry7.o
        30          0          0          0          0          0   handlers.o
        36          8          0          0          0         68   init.o
        32          0          0          0          0         68   llshl.o
        30          0          0          0          0         68   llushr.o
       776         54          0          0          0        180   printf5.o
        90          0          0          0          0         88   uldiv.o

    ----------------------------------------------------------------------
      1020         70          0          0          0        472   Library Totals
         6          0          0          0          0          0   (incl. Padding)

    ----------------------------------------------------------------------

      Code (inc. data)   RO Data    RW Data    ZI Data      Debug   Library Name

      1014         70          0          0          0        472   mc_w.l

    ----------------------------------------------------------------------
      1020         70          0          0          0        472   Library Totals

    ----------------------------------------------------------------------

==============================================================================


      Code (inc. data)   RO Data    RW Data    ZI Data      Debug   

     11412        638       3216        112       1064     292864   Grand Totals
     11412        638       3216        112       1064     292864   ELF Image Totals
     11412        638       3216        112          0          0   ROM Totals

==============================================================================

    Total RO  Size (Code + RO Data)                14628 (  14.29kB)
    Total RW  Size (RW Data + ZI Data)              1176 (   1.15kB)
    Total ROM Size (Code + RO Data + RW Data)      14740 (  14.39kB)

==============================================================================

