<html>
<body>
<pre>
<h1>礦ision Build Log</h1>
<h2>Project:</h2>
E:\淘宝相关\camera发布版\摄像头资料\OV7725资料\OV7725模块资料\stm32f407驱动ov7725\Project\DCMI\OV7725\MDK-ARM\Project.uvproj
Project File Date:  05/25/2008

<h2>Output:</h2>
Build target 'STM324xG_EVAL'
compiling main.c...
compiling stm32f4xx_it.c...
compiling i2c.c...
compiling RA8875.c...
compiling OV.c...
..\OV.c(253): warning:  #177-D: variable "i" was declared but never referenced
compiling stm324xg_eval.c...
compiling misc.c...
compiling stm32f4xx_adc.c...
compiling stm32f4xx_can.c...
compiling stm32f4xx_crc.c...
compiling stm32f4xx_cryp.c...
compiling stm32f4xx_cryp_aes.c...
compiling stm32f4xx_cryp_des.c...
compiling stm32f4xx_cryp_tdes.c...
compiling stm32f4xx_dac.c...
compiling stm32f4xx_dbgmcu.c...
compiling stm32f4xx_dcmi.c...
compiling stm32f4xx_dma.c...
compiling stm32f4xx_exti.c...
compiling stm32f4xx_flash.c...
compiling stm32f4xx_fsmc.c...
compiling stm32f4xx_gpio.c...
compiling stm32f4xx_hash.c...
compiling stm32f4xx_hash_md5.c...
compiling stm32f4xx_hash_sha1.c...
compiling stm32f4xx_i2c.c...
compiling stm32f4xx_iwdg.c...
compiling stm32f4xx_pwr.c...
compiling stm32f4xx_rcc.c...
compiling stm32f4xx_rng.c...
compiling stm32f4xx_rtc.c...
compiling stm32f4xx_sdio.c...
compiling stm32f4xx_spi.c...
compiling stm32f4xx_syscfg.c...
compiling stm32f4xx_tim.c...
compiling stm32f4xx_usart.c...
compiling stm32f4xx_wwdg.c...
compiling system_stm32f4xx.c...
assembling startup_stm32f4xx.s...
linking...
Program Size: Code=4580 RO-data=516 RW-data=216 ZI-data=1024  
".\STM324xG_EVAL\STM324xG_EVAL.axf" - 0 Error(s), 1 Warning(s).
