<html>
<body>
<pre>
<h1>礦ision Build Log</h1>
<h2>Project:</h2>
E:\淘宝相关\camera发布版\摄像头资料\OV7670资料\OV7670模块资料\Stm32 IO口直接驱动OV7670 V1.0(keil)\ADC.uvproj
Project File Date:  09/22/2012

<h2>Output:</h2>
Build target 'ADC'
compiling delay.c...
source\delay.c(33): warning:  #1-D: last line of file ends without a newline
compiling ili9320.c...
source\ili9320.c(193): warning:  #550-D: variable "dummy" was set but never used
compiling SCCB.c...
compiling ov7670.c...
source\ov7670.c(382): warning:  #1-D: last line of file ends without a newline
source\ov7670.c(365): warning:  #177-D: variable "i" was declared but never referenced
compiling main.c...
source\main.c(71): warning:  #223-D: function "OV7670_init" declared implicitly
compiling stm32f10x_it.c...
assembling stm32f10x_vector.s...
linking...
Program Size: Code=8188 RO-data=320 RW-data=24 ZI-data=0  
FromELF: creating hex file...
".\Obj\ADC.axf" - 0 Error(s), 5 Warning(s).
Build target 'ADC'
compiling delay.c...
source\delay.c(33): warning:  #1-D: last line of file ends without a newline
compiling ili9320.c...
source\ili9320.c(193): warning:  #550-D: variable "dummy" was set but never used
compiling SCCB.c...
compiling ov7670.c...
source\ov7670.c(382): warning:  #1-D: last line of file ends without a newline
source\ov7670.c(365): warning:  #177-D: variable "i" was declared but never referenced
compiling main.c...
source\main.c(71): warning:  #223-D: function "OV7670_init" declared implicitly
compiling stm32f10x_it.c...
assembling stm32f10x_vector.s...
linking...
.\Obj\ADC.axf: Error: L6218E: Undefined symbol SCCBreadByte (referred from ov7670.o).
Target not created
Build target 'ADC'
compiling delay.c...
source\delay.c(33): warning:  #1-D: last line of file ends without a newline
compiling ili9320.c...
source\ili9320.c(193): warning:  #550-D: variable "dummy" was set but never used
compiling SCCB.c...
compiling ov7670.c...
source\ov7670.c(382): warning:  #1-D: last line of file ends without a newline
source\ov7670.c(365): warning:  #177-D: variable "i" was declared but never referenced
compiling main.c...
source\main.c(71): warning:  #223-D: function "OV7670_init" declared implicitly
compiling stm32f10x_it.c...
assembling stm32f10x_vector.s...
linking...
Program Size: Code=8188 RO-data=320 RW-data=24 ZI-data=0  
FromELF: creating hex file...
".\Obj\ADC.axf" - 0 Error(s), 5 Warning(s).
Build target 'ADC'
compiling delay.c...
source\delay.c(33): warning:  #1-D: last line of file ends without a newline
compiling ili9320.c...
source\ili9320.c(193): warning:  #550-D: variable "dummy" was set but never used
compiling SCCB.c...
compiling ov7670.c...
source\ov7670.c(382): warning:  #1-D: last line of file ends without a newline
source\ov7670.c(365): warning:  #177-D: variable "i" was declared but never referenced
compiling main.c...
source\main.c(71): warning:  #223-D: function "OV7670_init" declared implicitly
compiling stm32f10x_it.c...
assembling stm32f10x_vector.s...
linking...
Program Size: Code=8188 RO-data=320 RW-data=24 ZI-data=0  
FromELF: creating hex file...
".\Obj\ADC.axf" - 0 Error(s), 5 Warning(s).
