<html>
<body>
<pre>
<h1>µVision3 Build Log</h1>
<h2>Project:</h2>
E:\mySTM32\Example\Example3-USART\USART.uv2
Project File Date:  08/19/2009

<h2>Output:</h2>
Build target 'Example3-USART'
compiling stm32f10x_it.c...
compiling main.c...
assembling stm32f10x_vector.s...
linking...
Program Size: Code=1928 RO-data=356 RW-data=16 ZI-data=1024  
".\Obj\STM3210B-EVAL.axf" - 0 Error(s), 0 Warning(s).
Build target 'Example3-USART'
compiling stm32f10x_it.c...
compiling main.c...
assembling stm32f10x_vector.s...
linking...
Program Size: Code=1944 RO-data=356 RW-data=16 ZI-data=1024  
".\Obj\STM3210B-EVAL.axf" - 0 Error(s), 0 Warning(s).
Build target 'Example3-USART'
compiling stm32f10x_it.c...
compiling main.c...
assembling stm32f10x_vector.s...
linking...
Program Size: Code=1956 RO-data=356 RW-data=16 ZI-data=1024  
".\Obj\STM3210B-EVAL.axf" - 0 Error(s), 0 Warning(s).
Load "E:\\mySTM32\\Example\\Example3-USART\\Obj\\STM3210B-EVAL.AXF" 
No Algorithm found for: 08000000H - 08000917H
Erase skipped!
