<!doctype html public "-//w3c//dtd html 4.0 transitional//en">
<html><head>
<title>Static Call Graph - [.\Obj\USART.axf]</title></head>
<body><HR>
<H1>Static Call Graph for image .\Obj\USART.axf</H1><HR>
<BR><P>#&#060CALLGRAPH&#062# ARM Linker, RVCT4.0 [Build 524]: Last Updated: Fri Aug 21 23:47:29 2009
<BR><P>
<H3>Maximum Stack Usage =         84 bytes + Unknown(Untraceable Function Pointers)</H3><H3>
Call chain for Maximum Stack Depth:</H3>
main &rArr; USART_Configuration1 &rArr; USART_Init &rArr; RCC_GetClocksFreq
<P>
<H3>
Function Pointers
</H3><UL>
 <LI><a href="#[1553ec4]">Reset_Handler</a>
 <LI><a href="#[1556480]">NMIException</a>
 <LI><a href="#[15565e8]">HardFaultException</a>
 <LI><a href="#[15564bc]">MemManageException</a>
 <LI><a href="#[1556b88]">BusFaultException</a>
 <LI><a href="#[1555c4c]">UsageFaultException</a>
 <LI><a href="#[1556228]">SVCHandler</a>
 <LI><a href="#[1556840]">DebugMonitor</a>
 <LI><a href="#[1556408]">PendSVC</a>
 <LI><a href="#[15561ec]">SysTickHandler</a>
 <LI><a href="#[1555c10]">WWDG_IRQHandler</a>
 <LI><a href="#[1556444]">PVD_IRQHandler</a>
 <LI><a href="#[15561b0]">TAMPER_IRQHandler</a>
 <LI><a href="#[1556354]">RTC_IRQHandler</a>
 <LI><a href="#[1556660]">FLASH_IRQHandler</a>
 <LI><a href="#[15563cc]">RCC_IRQHandler</a>
 <LI><a href="#[1556804]">EXTI0_IRQHandler</a>
 <LI><a href="#[155678c]">EXTI1_IRQHandler</a>
 <LI><a href="#[1556750]">EXTI2_IRQHandler</a>
 <LI><a href="#[1556714]">EXTI3_IRQHandler</a>
 <LI><a href="#[15566d8]">EXTI4_IRQHandler</a>
 <LI><a href="#[1556ad4]">DMA1_Channel1_IRQHandler</a>
 <LI><a href="#[1556a98]">DMA1_Channel2_IRQHandler</a>
 <LI><a href="#[1556a5c]">DMA1_Channel3_IRQHandler</a>
 <LI><a href="#[1556a20]">DMA1_Channel4_IRQHandler</a>
 <LI><a href="#[15569e4]">DMA1_Channel5_IRQHandler</a>
 <LI><a href="#[15569a8]">DMA1_Channel6_IRQHandler</a>
 <LI><a href="#[155696c]">DMA1_Channel7_IRQHandler</a>
 <LI><a href="#[1556c00]">ADC1_2_IRQHandler</a>
 <LI><a href="#[1555cc4]">USB_HP_CAN_TX_IRQHandler</a>
 <LI><a href="#[1555c88]">USB_LP_CAN_RX0_IRQHandler</a>
 <LI><a href="#[1556b4c]">CAN_RX1_IRQHandler</a>
 <LI><a href="#[1556b10]">CAN_SCE_IRQHandler</a>
 <LI><a href="#[155669c]">EXTI9_5_IRQHandler</a>
 <LI><a href="#[1556174]">TIM1_BRK_IRQHandler</a>
 <LI><a href="#[15560c0]">TIM1_UP_IRQHandler</a>
 <LI><a href="#[15560fc]">TIM1_TRG_COM_IRQHandler</a>
 <LI><a href="#[1556138]">TIM1_CC_IRQHandler</a>
 <LI><a href="#[1556084]">TIM2_IRQHandler</a>
 <LI><a href="#[1556048]">TIM3_IRQHandler</a>
 <LI><a href="#[155600c]">TIM4_IRQHandler</a>
 <LI><a href="#[1556570]">I2C1_EV_IRQHandler</a>
 <LI><a href="#[15565ac]">I2C1_ER_IRQHandler</a>
 <LI><a href="#[15564f8]">I2C2_EV_IRQHandler</a>
 <LI><a href="#[1556534]">I2C2_ER_IRQHandler</a>
 <LI><a href="#[15562dc]">SPI1_IRQHandler</a>
 <LI><a href="#[15562a0]">SPI2_IRQHandler</a>
 <LI><a href="#[1555db4]">USART1_IRQHandler</a>
 <LI><a href="#[1555d78]">USART2_IRQHandler</a>
 <LI><a href="#[1555d3c]">USART3_IRQHandler</a>
 <LI><a href="#[15567c8]">EXTI15_10_IRQHandler</a>
 <LI><a href="#[1556390]">RTCAlarm_IRQHandler</a>
 <LI><a href="#[1555d00]">USBWakeUp_IRQHandler</a>
 <LI><a href="#[1555f1c]">TIM8_BRK_IRQHandler</a>
 <LI><a href="#[1555e68]">TIM8_UP_IRQHandler</a>
 <LI><a href="#[1555ea4]">TIM8_TRG_COM_IRQHandler</a>
 <LI><a href="#[1555ee0]">TIM8_CC_IRQHandler</a>
 <LI><a href="#[1556bc4]">ADC3_IRQHandler</a>
 <LI><a href="#[1556624]">FSMC_IRQHandler</a>
 <LI><a href="#[1556318]">SDIO_IRQHandler</a>
 <LI><a href="#[1555fd0]">TIM5_IRQHandler</a>
 <LI><a href="#[1556264]">SPI3_IRQHandler</a>
 <LI><a href="#[1555e2c]">UART4_IRQHandler</a>
 <LI><a href="#[1555df0]">UART5_IRQHandler</a>
 <LI><a href="#[1555f94]">TIM6_IRQHandler</a>
 <LI><a href="#[1555f58]">TIM7_IRQHandler</a>
 <LI><a href="#[1556930]">DMA2_Channel1_IRQHandler</a>
 <LI><a href="#[15568f4]">DMA2_Channel2_IRQHandler</a>
 <LI><a href="#[15568b8]">DMA2_Channel3_IRQHandler</a>
 <LI><a href="#[155687c]">DMA2_Channel4_5_IRQHandler</a>
 <LI><a href="#[1554b6c]">main</a>
 <LI><a href="#[15eaa28]">__main</a>
 <LI><a href="#[1554ba8]">fputc</a>
</UL>
<P>
<H3>
Global Symbols
</H3>
<P><STRONG><a name="[15eaa28]"></a>__main</STRONG> (Thumb, 0 bytes, Stack size unknown bytes, entry.o(.ARM.Collect$$$$00000000))
<BR>[Address Reference Count : 1]<UL><LI> stm32f10x_vector.o(.text)
</UL>
<P><STRONG><a name="[15e0f78]"></a>_main_stk</STRONG> (Thumb, 0 bytes, Stack size unknown bytes, entry2.o(.ARM.Collect$$$$00000001))

<P><STRONG><a name="[15e0e4c]"></a>_main_scatterload</STRONG> (Thumb, 0 bytes, Stack size unknown bytes, entry5.o(.ARM.Collect$$$$00000004))
<BR><BR>[Calls]<UL><LI><a href="#[15e0384]">&gt;&gt;</a>&nbsp;&nbsp;&nbsp;__scatterload
</UL>

<P><STRONG><a name="[15e0e10]"></a>__main_after_scatterload</STRONG> (Thumb, 0 bytes, Stack size unknown bytes, entry5.o(.ARM.Collect$$$$00000004))
<BR><BR>[Called By]<UL><LI><a href="#[15e0384]">&gt;&gt;</a>&nbsp;&nbsp;&nbsp;__scatterload
</UL>

<P><STRONG><a name="[15e0d20]"></a>_main_init</STRONG> (Thumb, 0 bytes, Stack size unknown bytes, entry7.o(.ARM.Collect$$$$00000007))

<P><STRONG><a name="[1553ec4]"></a>Reset_Handler</STRONG> (Thumb, 4 bytes, Stack size 0 bytes, stm32f10x_vector.o(.text))
<BR>[Address Reference Count : 1]<UL><LI> stm32f10x_vector.o(RESET)
</UL>
<P><STRONG><a name="[15e0a14]"></a>__aeabi_uldivmod</STRONG> (Thumb, 90 bytes, Stack size 32 bytes, uldiv.o(.text), UNUSED)
<BR><BR>[Calls]<UL><LI><a href="#[15e003c]">&gt;&gt;</a>&nbsp;&nbsp;&nbsp;__aeabi_llsr
<LI><a href="#[15e0168]">&gt;&gt;</a>&nbsp;&nbsp;&nbsp;__aeabi_llsl
</UL>
<BR>[Called By]<UL><LI><a href="#[15e3480]">&gt;&gt;</a>&nbsp;&nbsp;&nbsp;_printf_core
</UL>

<P><STRONG><a name="[15e0384]"></a>__scatterload</STRONG> (Thumb, 28 bytes, Stack size 0 bytes, init.o(.text))
<BR><BR>[Calls]<UL><LI><a href="#[15e0e10]">&gt;&gt;</a>&nbsp;&nbsp;&nbsp;__main_after_scatterload
</UL>
<BR>[Called By]<UL><LI><a href="#[15e0e4c]">&gt;&gt;</a>&nbsp;&nbsp;&nbsp;_main_scatterload
</UL>

<P><STRONG><a name="[15e0348]"></a>__scatterload_rt2</STRONG> (Thumb, 0 bytes, Stack size 0 bytes, init.o(.text), UNUSED)

<P><STRONG><a name="[15e0168]"></a>__aeabi_llsl</STRONG> (Thumb, 32 bytes, Stack size 0 bytes, llshl.o(.text), UNUSED)
<BR><BR>[Called By]<UL><LI><a href="#[15e0a14]">&gt;&gt;</a>&nbsp;&nbsp;&nbsp;__aeabi_uldivmod
</UL>

<P><STRONG><a name="[15e012c]"></a>_ll_shift_l</STRONG> (Thumb, 0 bytes, Stack size 0 bytes, llshl.o(.text), UNUSED)

<P><STRONG><a name="[15e003c]"></a>__aeabi_llsr</STRONG> (Thumb, 30 bytes, Stack size 0 bytes, llushr.o(.text), UNUSED)
<BR><BR>[Called By]<UL><LI><a href="#[15e0a14]">&gt;&gt;</a>&nbsp;&nbsp;&nbsp;__aeabi_uldivmod
</UL>

<P><STRONG><a name="[15e0000]"></a>_ll_ushift_r</STRONG> (Thumb, 0 bytes, Stack size 0 bytes, llushr.o(.text), UNUSED)

<P><STRONG><a name="[1556c00]"></a>ADC1_2_IRQHandler</STRONG> (Thumb, 2 bytes, Stack size 0 bytes, stm32f10x_it.o(i.ADC1_2_IRQHandler))
<BR>[Address Reference Count : 1]<UL><LI> stm32f10x_vector.o(RESET)
</UL>
<P><STRONG><a name="[1556bc4]"></a>ADC3_IRQHandler</STRONG> (Thumb, 2 bytes, Stack size 0 bytes, stm32f10x_it.o(i.ADC3_IRQHandler))
<BR>[Address Reference Count : 1]<UL><LI> stm32f10x_vector.o(RESET)
</UL>
<P><STRONG><a name="[1554b30]"></a>ADC_Cmd</STRONG> (Thumb, 20 bytes, Stack size 0 bytes, stm32f10x_adc.o(i.ADC_Cmd))
<BR><BR>[Called By]<UL><LI><a href="#[1554b6c]">&gt;&gt;</a>&nbsp;&nbsp;&nbsp;main
</UL>

<P><STRONG><a name="[1554af4]"></a>ADC_DMACmd</STRONG> (Thumb, 20 bytes, Stack size 0 bytes, stm32f10x_adc.o(i.ADC_DMACmd))
<BR><BR>[Called By]<UL><LI><a href="#[1554b6c]">&gt;&gt;</a>&nbsp;&nbsp;&nbsp;main
</UL>

<P><STRONG><a name="[1554ab8]"></a>ADC_GetCalibrationStatus</STRONG> (Thumb, 14 bytes, Stack size 0 bytes, stm32f10x_adc.o(i.ADC_GetCalibrationStatus))
<BR><BR>[Called By]<UL><LI><a href="#[1554b6c]">&gt;&gt;</a>&nbsp;&nbsp;&nbsp;main
</UL>

<P><STRONG><a name="[1554a7c]"></a>ADC_GetConversionValue</STRONG> (Thumb, 6 bytes, Stack size 0 bytes, stm32f10x_adc.o(i.ADC_GetConversionValue))
<BR><BR>[Called By]<UL><LI><a href="#[1554b6c]">&gt;&gt;</a>&nbsp;&nbsp;&nbsp;main
</UL>

<P><STRONG><a name="[1554a40]"></a>ADC_GetResetCalibrationStatus</STRONG> (Thumb, 14 bytes, Stack size 0 bytes, stm32f10x_adc.o(i.ADC_GetResetCalibrationStatus))
<BR><BR>[Called By]<UL><LI><a href="#[1554b6c]">&gt;&gt;</a>&nbsp;&nbsp;&nbsp;main
</UL>

<P><STRONG><a name="[1554a04]"></a>ADC_Init</STRONG> (Thumb, 62 bytes, Stack size 12 bytes, stm32f10x_adc.o(i.ADC_Init))
<BR><BR>[Stack]<UL><LI>Max Depth = 12<LI>Call Chain = ADC_Init
</UL>
<BR>[Called By]<UL><LI><a href="#[1554b6c]">&gt;&gt;</a>&nbsp;&nbsp;&nbsp;main
</UL>

<P><STRONG><a name="[15549c8]"></a>ADC_RegularChannelConfig</STRONG> (Thumb, 116 bytes, Stack size 16 bytes, stm32f10x_adc.o(i.ADC_RegularChannelConfig))
<BR><BR>[Stack]<UL><LI>Max Depth = 16<LI>Call Chain = ADC_RegularChannelConfig
</UL>
<BR>[Called By]<UL><LI><a href="#[1554b6c]">&gt;&gt;</a>&nbsp;&nbsp;&nbsp;main
</UL>

<P><STRONG><a name="[155498c]"></a>ADC_ResetCalibration</STRONG> (Thumb, 10 bytes, Stack size 0 bytes, stm32f10x_adc.o(i.ADC_ResetCalibration))
<BR><BR>[Called By]<UL><LI><a href="#[1554b6c]">&gt;&gt;</a>&nbsp;&nbsp;&nbsp;main
</UL>

<P><STRONG><a name="[1554950]"></a>ADC_SoftwareStartConvCmd</STRONG> (Thumb, 20 bytes, Stack size 0 bytes, stm32f10x_adc.o(i.ADC_SoftwareStartConvCmd))
<BR><BR>[Called By]<UL><LI><a href="#[1554b6c]">&gt;&gt;</a>&nbsp;&nbsp;&nbsp;main
</UL>

<P><STRONG><a name="[1554914]"></a>ADC_StartCalibration</STRONG> (Thumb, 10 bytes, Stack size 0 bytes, stm32f10x_adc.o(i.ADC_StartCalibration))
<BR><BR>[Called By]<UL><LI><a href="#[1554b6c]">&gt;&gt;</a>&nbsp;&nbsp;&nbsp;main
</UL>

<P><STRONG><a name="[1556b88]"></a>BusFaultException</STRONG> (Thumb, 4 bytes, Stack size 0 bytes, stm32f10x_it.o(i.BusFaultException))
<BR>[Address Reference Count : 1]<UL><LI> stm32f10x_vector.o(RESET)
</UL>
<P><STRONG><a name="[1556b4c]"></a>CAN_RX1_IRQHandler</STRONG> (Thumb, 2 bytes, Stack size 0 bytes, stm32f10x_it.o(i.CAN_RX1_IRQHandler))
<BR>[Address Reference Count : 1]<UL><LI> stm32f10x_vector.o(RESET)
</UL>
<P><STRONG><a name="[1556b10]"></a>CAN_SCE_IRQHandler</STRONG> (Thumb, 2 bytes, Stack size 0 bytes, stm32f10x_it.o(i.CAN_SCE_IRQHandler))
<BR>[Address Reference Count : 1]<UL><LI> stm32f10x_vector.o(RESET)
</UL>
<P><STRONG><a name="[1556ad4]"></a>DMA1_Channel1_IRQHandler</STRONG> (Thumb, 2 bytes, Stack size 0 bytes, stm32f10x_it.o(i.DMA1_Channel1_IRQHandler))
<BR>[Address Reference Count : 1]<UL><LI> stm32f10x_vector.o(RESET)
</UL>
<P><STRONG><a name="[1556a98]"></a>DMA1_Channel2_IRQHandler</STRONG> (Thumb, 2 bytes, Stack size 0 bytes, stm32f10x_it.o(i.DMA1_Channel2_IRQHandler))
<BR>[Address Reference Count : 1]<UL><LI> stm32f10x_vector.o(RESET)
</UL>
<P><STRONG><a name="[1556a5c]"></a>DMA1_Channel3_IRQHandler</STRONG> (Thumb, 2 bytes, Stack size 0 bytes, stm32f10x_it.o(i.DMA1_Channel3_IRQHandler))
<BR>[Address Reference Count : 1]<UL><LI> stm32f10x_vector.o(RESET)
</UL>
<P><STRONG><a name="[1556a20]"></a>DMA1_Channel4_IRQHandler</STRONG> (Thumb, 2 bytes, Stack size 0 bytes, stm32f10x_it.o(i.DMA1_Channel4_IRQHandler))
<BR>[Address Reference Count : 1]<UL><LI> stm32f10x_vector.o(RESET)
</UL>
<P><STRONG><a name="[15569e4]"></a>DMA1_Channel5_IRQHandler</STRONG> (Thumb, 2 bytes, Stack size 0 bytes, stm32f10x_it.o(i.DMA1_Channel5_IRQHandler))
<BR>[Address Reference Count : 1]<UL><LI> stm32f10x_vector.o(RESET)
</UL>
<P><STRONG><a name="[15569a8]"></a>DMA1_Channel6_IRQHandler</STRONG> (Thumb, 2 bytes, Stack size 0 bytes, stm32f10x_it.o(i.DMA1_Channel6_IRQHandler))
<BR>[Address Reference Count : 1]<UL><LI> stm32f10x_vector.o(RESET)
</UL>
<P><STRONG><a name="[155696c]"></a>DMA1_Channel7_IRQHandler</STRONG> (Thumb, 2 bytes, Stack size 0 bytes, stm32f10x_it.o(i.DMA1_Channel7_IRQHandler))
<BR>[Address Reference Count : 1]<UL><LI> stm32f10x_vector.o(RESET)
</UL>
<P><STRONG><a name="[1556930]"></a>DMA2_Channel1_IRQHandler</STRONG> (Thumb, 2 bytes, Stack size 0 bytes, stm32f10x_it.o(i.DMA2_Channel1_IRQHandler))
<BR>[Address Reference Count : 1]<UL><LI> stm32f10x_vector.o(RESET)
</UL>
<P><STRONG><a name="[15568f4]"></a>DMA2_Channel2_IRQHandler</STRONG> (Thumb, 2 bytes, Stack size 0 bytes, stm32f10x_it.o(i.DMA2_Channel2_IRQHandler))
<BR>[Address Reference Count : 1]<UL><LI> stm32f10x_vector.o(RESET)
</UL>
<P><STRONG><a name="[15568b8]"></a>DMA2_Channel3_IRQHandler</STRONG> (Thumb, 2 bytes, Stack size 0 bytes, stm32f10x_it.o(i.DMA2_Channel3_IRQHandler))
<BR>[Address Reference Count : 1]<UL><LI> stm32f10x_vector.o(RESET)
</UL>
<P><STRONG><a name="[155687c]"></a>DMA2_Channel4_5_IRQHandler</STRONG> (Thumb, 2 bytes, Stack size 0 bytes, stm32f10x_it.o(i.DMA2_Channel4_5_IRQHandler))
<BR>[Address Reference Count : 1]<UL><LI> stm32f10x_vector.o(RESET)
</UL>
<P><STRONG><a name="[15548d8]"></a>DMA_Cmd</STRONG> (Thumb, 20 bytes, Stack size 0 bytes, stm32f10x_dma.o(i.DMA_Cmd))
<BR><BR>[Called By]<UL><LI><a href="#[1554b6c]">&gt;&gt;</a>&nbsp;&nbsp;&nbsp;main
</UL>

<P><STRONG><a name="[155489c]"></a>DMA_DeInit</STRONG> (Thumb, 210 bytes, Stack size 0 bytes, stm32f10x_dma.o(i.DMA_DeInit))
<BR><BR>[Called By]<UL><LI><a href="#[1554b6c]">&gt;&gt;</a>&nbsp;&nbsp;&nbsp;main
</UL>

<P><STRONG><a name="[1554860]"></a>DMA_Init</STRONG> (Thumb, 58 bytes, Stack size 16 bytes, stm32f10x_dma.o(i.DMA_Init))
<BR><BR>[Stack]<UL><LI>Max Depth = 16<LI>Call Chain = DMA_Init
</UL>
<BR>[Called By]<UL><LI><a href="#[1554b6c]">&gt;&gt;</a>&nbsp;&nbsp;&nbsp;main
</UL>

<P><STRONG><a name="[1556840]"></a>DebugMonitor</STRONG> (Thumb, 2 bytes, Stack size 0 bytes, stm32f10x_it.o(i.DebugMonitor))
<BR>[Address Reference Count : 1]<UL><LI> stm32f10x_vector.o(RESET)
</UL>
<P><STRONG><a name="[1556804]"></a>EXTI0_IRQHandler</STRONG> (Thumb, 2 bytes, Stack size 0 bytes, stm32f10x_it.o(i.EXTI0_IRQHandler))
<BR>[Address Reference Count : 1]<UL><LI> stm32f10x_vector.o(RESET)
</UL>
<P><STRONG><a name="[15567c8]"></a>EXTI15_10_IRQHandler</STRONG> (Thumb, 2 bytes, Stack size 0 bytes, stm32f10x_it.o(i.EXTI15_10_IRQHandler))
<BR>[Address Reference Count : 1]<UL><LI> stm32f10x_vector.o(RESET)
</UL>
<P><STRONG><a name="[155678c]"></a>EXTI1_IRQHandler</STRONG> (Thumb, 2 bytes, Stack size 0 bytes, stm32f10x_it.o(i.EXTI1_IRQHandler))
<BR>[Address Reference Count : 1]<UL><LI> stm32f10x_vector.o(RESET)
</UL>
<P><STRONG><a name="[1556750]"></a>EXTI2_IRQHandler</STRONG> (Thumb, 2 bytes, Stack size 0 bytes, stm32f10x_it.o(i.EXTI2_IRQHandler))
<BR>[Address Reference Count : 1]<UL><LI> stm32f10x_vector.o(RESET)
</UL>
<P><STRONG><a name="[1556714]"></a>EXTI3_IRQHandler</STRONG> (Thumb, 2 bytes, Stack size 0 bytes, stm32f10x_it.o(i.EXTI3_IRQHandler))
<BR>[Address Reference Count : 1]<UL><LI> stm32f10x_vector.o(RESET)
</UL>
<P><STRONG><a name="[15566d8]"></a>EXTI4_IRQHandler</STRONG> (Thumb, 2 bytes, Stack size 0 bytes, stm32f10x_it.o(i.EXTI4_IRQHandler))
<BR>[Address Reference Count : 1]<UL><LI> stm32f10x_vector.o(RESET)
</UL>
<P><STRONG><a name="[155669c]"></a>EXTI9_5_IRQHandler</STRONG> (Thumb, 2 bytes, Stack size 0 bytes, stm32f10x_it.o(i.EXTI9_5_IRQHandler))
<BR>[Address Reference Count : 1]<UL><LI> stm32f10x_vector.o(RESET)
</UL>
<P><STRONG><a name="[1556660]"></a>FLASH_IRQHandler</STRONG> (Thumb, 2 bytes, Stack size 0 bytes, stm32f10x_it.o(i.FLASH_IRQHandler))
<BR>[Address Reference Count : 1]<UL><LI> stm32f10x_vector.o(RESET)
</UL>
<P><STRONG><a name="[1554824]"></a>FLASH_PrefetchBufferCmd</STRONG> (Thumb, 18 bytes, Stack size 0 bytes, stm32f10x_flash.o(i.FLASH_PrefetchBufferCmd))
<BR><BR>[Called By]<UL><LI><a href="#[1554c20]">&gt;&gt;</a>&nbsp;&nbsp;&nbsp;RCC_Configuration
</UL>

<P><STRONG><a name="[15547e8]"></a>FLASH_SetLatency</STRONG> (Thumb, 18 bytes, Stack size 0 bytes, stm32f10x_flash.o(i.FLASH_SetLatency))
<BR><BR>[Called By]<UL><LI><a href="#[1554c20]">&gt;&gt;</a>&nbsp;&nbsp;&nbsp;RCC_Configuration
</UL>

<P><STRONG><a name="[1556624]"></a>FSMC_IRQHandler</STRONG> (Thumb, 2 bytes, Stack size 0 bytes, stm32f10x_it.o(i.FSMC_IRQHandler))
<BR>[Address Reference Count : 1]<UL><LI> stm32f10x_vector.o(RESET)
</UL>
<P><STRONG><a name="[1554c98]"></a>GPIO_Configuration</STRONG> (Thumb, 74 bytes, Stack size 8 bytes, main.o(i.GPIO_Configuration))
<BR><BR>[Stack]<UL><LI>Max Depth = 28<LI>Call Chain = GPIO_Configuration &rArr; GPIO_Init
</UL>
<BR>[Calls]<UL><LI><a href="#[15547ac]">&gt;&gt;</a>&nbsp;&nbsp;&nbsp;GPIO_Init
</UL>
<BR>[Called By]<UL><LI><a href="#[1554b6c]">&gt;&gt;</a>&nbsp;&nbsp;&nbsp;main
</UL>

<P><STRONG><a name="[15547ac]"></a>GPIO_Init</STRONG> (Thumb, 160 bytes, Stack size 20 bytes, stm32f10x_gpio.o(i.GPIO_Init))
<BR><BR>[Stack]<UL><LI>Max Depth = 20<LI>Call Chain = GPIO_Init
</UL>
<BR>[Called By]<UL><LI><a href="#[1554c98]">&gt;&gt;</a>&nbsp;&nbsp;&nbsp;GPIO_Configuration
</UL>

<P><STRONG><a name="[15565e8]"></a>HardFaultException</STRONG> (Thumb, 4 bytes, Stack size 0 bytes, stm32f10x_it.o(i.HardFaultException))
<BR>[Address Reference Count : 1]<UL><LI> stm32f10x_vector.o(RESET)
</UL>
<P><STRONG><a name="[15565ac]"></a>I2C1_ER_IRQHandler</STRONG> (Thumb, 2 bytes, Stack size 0 bytes, stm32f10x_it.o(i.I2C1_ER_IRQHandler))
<BR>[Address Reference Count : 1]<UL><LI> stm32f10x_vector.o(RESET)
</UL>
<P><STRONG><a name="[1556570]"></a>I2C1_EV_IRQHandler</STRONG> (Thumb, 2 bytes, Stack size 0 bytes, stm32f10x_it.o(i.I2C1_EV_IRQHandler))
<BR>[Address Reference Count : 1]<UL><LI> stm32f10x_vector.o(RESET)
</UL>
<P><STRONG><a name="[1556534]"></a>I2C2_ER_IRQHandler</STRONG> (Thumb, 2 bytes, Stack size 0 bytes, stm32f10x_it.o(i.I2C2_ER_IRQHandler))
<BR>[Address Reference Count : 1]<UL><LI> stm32f10x_vector.o(RESET)
</UL>
<P><STRONG><a name="[15564f8]"></a>I2C2_EV_IRQHandler</STRONG> (Thumb, 2 bytes, Stack size 0 bytes, stm32f10x_it.o(i.I2C2_EV_IRQHandler))
<BR>[Address Reference Count : 1]<UL><LI> stm32f10x_vector.o(RESET)
</UL>
<P><STRONG><a name="[15564bc]"></a>MemManageException</STRONG> (Thumb, 4 bytes, Stack size 0 bytes, stm32f10x_it.o(i.MemManageException))
<BR>[Address Reference Count : 1]<UL><LI> stm32f10x_vector.o(RESET)
</UL>
<P><STRONG><a name="[1556480]"></a>NMIException</STRONG> (Thumb, 2 bytes, Stack size 0 bytes, stm32f10x_it.o(i.NMIException))
<BR>[Address Reference Count : 1]<UL><LI> stm32f10x_vector.o(RESET)
</UL>
<P><STRONG><a name="[1554c5c]"></a>NVIC_Configuration</STRONG> (Thumb, 22 bytes, Stack size 8 bytes, main.o(i.NVIC_Configuration))
<BR><BR>[Stack]<UL><LI>Max Depth = 8<LI>Call Chain = NVIC_Configuration
</UL>
<BR>[Calls]<UL><LI><a href="#[1554734]">&gt;&gt;</a>&nbsp;&nbsp;&nbsp;NVIC_SetVectorTable
<LI><a href="#[1554770]">&gt;&gt;</a>&nbsp;&nbsp;&nbsp;NVIC_PriorityGroupConfig
</UL>
<BR>[Called By]<UL><LI><a href="#[1554b6c]">&gt;&gt;</a>&nbsp;&nbsp;&nbsp;main
</UL>

<P><STRONG><a name="[1554770]"></a>NVIC_PriorityGroupConfig</STRONG> (Thumb, 10 bytes, Stack size 0 bytes, stm32f10x_nvic.o(i.NVIC_PriorityGroupConfig))
<BR><BR>[Called By]<UL><LI><a href="#[1554c5c]">&gt;&gt;</a>&nbsp;&nbsp;&nbsp;NVIC_Configuration
</UL>

<P><STRONG><a name="[1554734]"></a>NVIC_SetVectorTable</STRONG> (Thumb, 12 bytes, Stack size 0 bytes, stm32f10x_nvic.o(i.NVIC_SetVectorTable))
<BR><BR>[Called By]<UL><LI><a href="#[1554c5c]">&gt;&gt;</a>&nbsp;&nbsp;&nbsp;NVIC_Configuration
</UL>

<P><STRONG><a name="[1556444]"></a>PVD_IRQHandler</STRONG> (Thumb, 2 bytes, Stack size 0 bytes, stm32f10x_it.o(i.PVD_IRQHandler))
<BR>[Address Reference Count : 1]<UL><LI> stm32f10x_vector.o(RESET)
</UL>
<P><STRONG><a name="[1556408]"></a>PendSVC</STRONG> (Thumb, 2 bytes, Stack size 0 bytes, stm32f10x_it.o(i.PendSVC))
<BR>[Address Reference Count : 1]<UL><LI> stm32f10x_vector.o(RESET)
</UL>
<P><STRONG><a name="[15546f8]"></a>RCC_AHBPeriphClockCmd</STRONG> (Thumb, 18 bytes, Stack size 0 bytes, stm32f10x_rcc.o(i.RCC_AHBPeriphClockCmd))
<BR><BR>[Called By]<UL><LI><a href="#[1554c20]">&gt;&gt;</a>&nbsp;&nbsp;&nbsp;RCC_Configuration
</UL>

<P><STRONG><a name="[15546bc]"></a>RCC_APB2PeriphClockCmd</STRONG> (Thumb, 18 bytes, Stack size 0 bytes, stm32f10x_rcc.o(i.RCC_APB2PeriphClockCmd))
<BR><BR>[Called By]<UL><LI><a href="#[1554c20]">&gt;&gt;</a>&nbsp;&nbsp;&nbsp;RCC_Configuration
</UL>

<P><STRONG><a name="[1554c20]"></a>RCC_Configuration</STRONG> (Thumb, 138 bytes, Stack size 8 bytes, main.o(i.RCC_Configuration))
<BR><BR>[Stack]<UL><LI>Max Depth = 20<LI>Call Chain = RCC_Configuration &rArr; RCC_WaitForHSEStartUp
</UL>
<BR>[Calls]<UL><LI><a href="#[1554428]">&gt;&gt;</a>&nbsp;&nbsp;&nbsp;RCC_WaitForHSEStartUp
<LI><a href="#[1554464]">&gt;&gt;</a>&nbsp;&nbsp;&nbsp;RCC_SYSCLKConfig
<LI><a href="#[15544a0]">&gt;&gt;</a>&nbsp;&nbsp;&nbsp;RCC_PLLConfig
<LI><a href="#[15544dc]">&gt;&gt;</a>&nbsp;&nbsp;&nbsp;RCC_PLLCmd
<LI><a href="#[1554518]">&gt;&gt;</a>&nbsp;&nbsp;&nbsp;RCC_PCLK2Config
<LI><a href="#[1554554]">&gt;&gt;</a>&nbsp;&nbsp;&nbsp;RCC_PCLK1Config
<LI><a href="#[1554590]">&gt;&gt;</a>&nbsp;&nbsp;&nbsp;RCC_HSEConfig
<LI><a href="#[15545cc]">&gt;&gt;</a>&nbsp;&nbsp;&nbsp;RCC_HCLKConfig
<LI><a href="#[1554608]">&gt;&gt;</a>&nbsp;&nbsp;&nbsp;RCC_GetSYSCLKSource
<LI><a href="#[1554644]">&gt;&gt;</a>&nbsp;&nbsp;&nbsp;RCC_GetFlagStatus
<LI><a href="#[1554680]">&gt;&gt;</a>&nbsp;&nbsp;&nbsp;RCC_DeInit
<LI><a href="#[15546bc]">&gt;&gt;</a>&nbsp;&nbsp;&nbsp;RCC_APB2PeriphClockCmd
<LI><a href="#[15546f8]">&gt;&gt;</a>&nbsp;&nbsp;&nbsp;RCC_AHBPeriphClockCmd
<LI><a href="#[15547e8]">&gt;&gt;</a>&nbsp;&nbsp;&nbsp;FLASH_SetLatency
<LI><a href="#[1554824]">&gt;&gt;</a>&nbsp;&nbsp;&nbsp;FLASH_PrefetchBufferCmd
</UL>
<BR>[Called By]<UL><LI><a href="#[1554b6c]">&gt;&gt;</a>&nbsp;&nbsp;&nbsp;main
</UL>

<P><STRONG><a name="[1554680]"></a>RCC_DeInit</STRONG> (Thumb, 48 bytes, Stack size 0 bytes, stm32f10x_rcc.o(i.RCC_DeInit))
<BR><BR>[Called By]<UL><LI><a href="#[1554c20]">&gt;&gt;</a>&nbsp;&nbsp;&nbsp;RCC_Configuration
</UL>

<P><STRONG><a name="[1592574]"></a>RCC_GetClocksFreq</STRONG> (Thumb, 132 bytes, Stack size 12 bytes, stm32f10x_rcc.o(i.RCC_GetClocksFreq))
<BR><BR>[Stack]<UL><LI>Max Depth = 12<LI>Call Chain = RCC_GetClocksFreq
</UL>
<BR>[Called By]<UL><LI><a href="#[1554338]">&gt;&gt;</a>&nbsp;&nbsp;&nbsp;USART_Init
</UL>

<P><STRONG><a name="[1554644]"></a>RCC_GetFlagStatus</STRONG> (Thumb, 42 bytes, Stack size 0 bytes, stm32f10x_rcc.o(i.RCC_GetFlagStatus))
<BR><BR>[Called By]<UL><LI><a href="#[1554428]">&gt;&gt;</a>&nbsp;&nbsp;&nbsp;RCC_WaitForHSEStartUp
<LI><a href="#[1554c20]">&gt;&gt;</a>&nbsp;&nbsp;&nbsp;RCC_Configuration
</UL>

<P><STRONG><a name="[1554608]"></a>RCC_GetSYSCLKSource</STRONG> (Thumb, 10 bytes, Stack size 0 bytes, stm32f10x_rcc.o(i.RCC_GetSYSCLKSource))
<BR><BR>[Called By]<UL><LI><a href="#[1554c20]">&gt;&gt;</a>&nbsp;&nbsp;&nbsp;RCC_Configuration
</UL>

<P><STRONG><a name="[15545cc]"></a>RCC_HCLKConfig</STRONG> (Thumb, 14 bytes, Stack size 0 bytes, stm32f10x_rcc.o(i.RCC_HCLKConfig))
<BR><BR>[Called By]<UL><LI><a href="#[1554c20]">&gt;&gt;</a>&nbsp;&nbsp;&nbsp;RCC_Configuration
</UL>

<P><STRONG><a name="[1554590]"></a>RCC_HSEConfig</STRONG> (Thumb, 48 bytes, Stack size 0 bytes, stm32f10x_rcc.o(i.RCC_HSEConfig))
<BR><BR>[Called By]<UL><LI><a href="#[1554c20]">&gt;&gt;</a>&nbsp;&nbsp;&nbsp;RCC_Configuration
</UL>

<P><STRONG><a name="[15563cc]"></a>RCC_IRQHandler</STRONG> (Thumb, 2 bytes, Stack size 0 bytes, stm32f10x_it.o(i.RCC_IRQHandler))
<BR>[Address Reference Count : 1]<UL><LI> stm32f10x_vector.o(RESET)
</UL>
<P><STRONG><a name="[1554554]"></a>RCC_PCLK1Config</STRONG> (Thumb, 14 bytes, Stack size 0 bytes, stm32f10x_rcc.o(i.RCC_PCLK1Config))
<BR><BR>[Called By]<UL><LI><a href="#[1554c20]">&gt;&gt;</a>&nbsp;&nbsp;&nbsp;RCC_Configuration
</UL>

<P><STRONG><a name="[1554518]"></a>RCC_PCLK2Config</STRONG> (Thumb, 16 bytes, Stack size 0 bytes, stm32f10x_rcc.o(i.RCC_PCLK2Config))
<BR><BR>[Called By]<UL><LI><a href="#[1554c20]">&gt;&gt;</a>&nbsp;&nbsp;&nbsp;RCC_Configuration
</UL>

<P><STRONG><a name="[15544dc]"></a>RCC_PLLCmd</STRONG> (Thumb, 6 bytes, Stack size 0 bytes, stm32f10x_rcc.o(i.RCC_PLLCmd))
<BR><BR>[Called By]<UL><LI><a href="#[1554c20]">&gt;&gt;</a>&nbsp;&nbsp;&nbsp;RCC_Configuration
</UL>

<P><STRONG><a name="[15544a0]"></a>RCC_PLLConfig</STRONG> (Thumb, 16 bytes, Stack size 0 bytes, stm32f10x_rcc.o(i.RCC_PLLConfig))
<BR><BR>[Called By]<UL><LI><a href="#[1554c20]">&gt;&gt;</a>&nbsp;&nbsp;&nbsp;RCC_Configuration
</UL>

<P><STRONG><a name="[1554464]"></a>RCC_SYSCLKConfig</STRONG> (Thumb, 14 bytes, Stack size 0 bytes, stm32f10x_rcc.o(i.RCC_SYSCLKConfig))
<BR><BR>[Called By]<UL><LI><a href="#[1554c20]">&gt;&gt;</a>&nbsp;&nbsp;&nbsp;RCC_Configuration
</UL>

<P><STRONG><a name="[1554428]"></a>RCC_WaitForHSEStartUp</STRONG> (Thumb, 46 bytes, Stack size 12 bytes, stm32f10x_rcc.o(i.RCC_WaitForHSEStartUp))
<BR><BR>[Stack]<UL><LI>Max Depth = 12<LI>Call Chain = RCC_WaitForHSEStartUp
</UL>
<BR>[Calls]<UL><LI><a href="#[1554644]">&gt;&gt;</a>&nbsp;&nbsp;&nbsp;RCC_GetFlagStatus
</UL>
<BR>[Called By]<UL><LI><a href="#[1554c20]">&gt;&gt;</a>&nbsp;&nbsp;&nbsp;RCC_Configuration
</UL>

<P><STRONG><a name="[1556390]"></a>RTCAlarm_IRQHandler</STRONG> (Thumb, 2 bytes, Stack size 0 bytes, stm32f10x_it.o(i.RTCAlarm_IRQHandler))
<BR>[Address Reference Count : 1]<UL><LI> stm32f10x_vector.o(RESET)
</UL>
<P><STRONG><a name="[1556354]"></a>RTC_IRQHandler</STRONG> (Thumb, 2 bytes, Stack size 0 bytes, stm32f10x_it.o(i.RTC_IRQHandler))
<BR>[Address Reference Count : 1]<UL><LI> stm32f10x_vector.o(RESET)
</UL>
<P><STRONG><a name="[1556318]"></a>SDIO_IRQHandler</STRONG> (Thumb, 2 bytes, Stack size 0 bytes, stm32f10x_it.o(i.SDIO_IRQHandler))
<BR>[Address Reference Count : 1]<UL><LI> stm32f10x_vector.o(RESET)
</UL>
<P><STRONG><a name="[15562dc]"></a>SPI1_IRQHandler</STRONG> (Thumb, 2 bytes, Stack size 0 bytes, stm32f10x_it.o(i.SPI1_IRQHandler))
<BR>[Address Reference Count : 1]<UL><LI> stm32f10x_vector.o(RESET)
</UL>
<P><STRONG><a name="[15562a0]"></a>SPI2_IRQHandler</STRONG> (Thumb, 2 bytes, Stack size 0 bytes, stm32f10x_it.o(i.SPI2_IRQHandler))
<BR>[Address Reference Count : 1]<UL><LI> stm32f10x_vector.o(RESET)
</UL>
<P><STRONG><a name="[1556264]"></a>SPI3_IRQHandler</STRONG> (Thumb, 2 bytes, Stack size 0 bytes, stm32f10x_it.o(i.SPI3_IRQHandler))
<BR>[Address Reference Count : 1]<UL><LI> stm32f10x_vector.o(RESET)
</UL>
<P><STRONG><a name="[1556228]"></a>SVCHandler</STRONG> (Thumb, 2 bytes, Stack size 0 bytes, stm32f10x_it.o(i.SVCHandler))
<BR>[Address Reference Count : 1]<UL><LI> stm32f10x_vector.o(RESET)
</UL>
<P><STRONG><a name="[15561ec]"></a>SysTickHandler</STRONG> (Thumb, 2 bytes, Stack size 0 bytes, stm32f10x_it.o(i.SysTickHandler))
<BR>[Address Reference Count : 1]<UL><LI> stm32f10x_vector.o(RESET)
</UL>
<P><STRONG><a name="[15561b0]"></a>TAMPER_IRQHandler</STRONG> (Thumb, 2 bytes, Stack size 0 bytes, stm32f10x_it.o(i.TAMPER_IRQHandler))
<BR>[Address Reference Count : 1]<UL><LI> stm32f10x_vector.o(RESET)
</UL>
<P><STRONG><a name="[1556174]"></a>TIM1_BRK_IRQHandler</STRONG> (Thumb, 2 bytes, Stack size 0 bytes, stm32f10x_it.o(i.TIM1_BRK_IRQHandler))
<BR>[Address Reference Count : 1]<UL><LI> stm32f10x_vector.o(RESET)
</UL>
<P><STRONG><a name="[1556138]"></a>TIM1_CC_IRQHandler</STRONG> (Thumb, 2 bytes, Stack size 0 bytes, stm32f10x_it.o(i.TIM1_CC_IRQHandler))
<BR>[Address Reference Count : 1]<UL><LI> stm32f10x_vector.o(RESET)
</UL>
<P><STRONG><a name="[15560fc]"></a>TIM1_TRG_COM_IRQHandler</STRONG> (Thumb, 2 bytes, Stack size 0 bytes, stm32f10x_it.o(i.TIM1_TRG_COM_IRQHandler))
<BR>[Address Reference Count : 1]<UL><LI> stm32f10x_vector.o(RESET)
</UL>
<P><STRONG><a name="[15560c0]"></a>TIM1_UP_IRQHandler</STRONG> (Thumb, 2 bytes, Stack size 0 bytes, stm32f10x_it.o(i.TIM1_UP_IRQHandler))
<BR>[Address Reference Count : 1]<UL><LI> stm32f10x_vector.o(RESET)
</UL>
<P><STRONG><a name="[1556084]"></a>TIM2_IRQHandler</STRONG> (Thumb, 2 bytes, Stack size 0 bytes, stm32f10x_it.o(i.TIM2_IRQHandler))
<BR>[Address Reference Count : 1]<UL><LI> stm32f10x_vector.o(RESET)
</UL>
<P><STRONG><a name="[1556048]"></a>TIM3_IRQHandler</STRONG> (Thumb, 2 bytes, Stack size 0 bytes, stm32f10x_it.o(i.TIM3_IRQHandler))
<BR>[Address Reference Count : 1]<UL><LI> stm32f10x_vector.o(RESET)
</UL>
<P><STRONG><a name="[155600c]"></a>TIM4_IRQHandler</STRONG> (Thumb, 2 bytes, Stack size 0 bytes, stm32f10x_it.o(i.TIM4_IRQHandler))
<BR>[Address Reference Count : 1]<UL><LI> stm32f10x_vector.o(RESET)
</UL>
<P><STRONG><a name="[1555fd0]"></a>TIM5_IRQHandler</STRONG> (Thumb, 2 bytes, Stack size 0 bytes, stm32f10x_it.o(i.TIM5_IRQHandler))
<BR>[Address Reference Count : 1]<UL><LI> stm32f10x_vector.o(RESET)
</UL>
<P><STRONG><a name="[1555f94]"></a>TIM6_IRQHandler</STRONG> (Thumb, 2 bytes, Stack size 0 bytes, stm32f10x_it.o(i.TIM6_IRQHandler))
<BR>[Address Reference Count : 1]<UL><LI> stm32f10x_vector.o(RESET)
</UL>
<P><STRONG><a name="[1555f58]"></a>TIM7_IRQHandler</STRONG> (Thumb, 2 bytes, Stack size 0 bytes, stm32f10x_it.o(i.TIM7_IRQHandler))
<BR>[Address Reference Count : 1]<UL><LI> stm32f10x_vector.o(RESET)
</UL>
<P><STRONG><a name="[1555f1c]"></a>TIM8_BRK_IRQHandler</STRONG> (Thumb, 2 bytes, Stack size 0 bytes, stm32f10x_it.o(i.TIM8_BRK_IRQHandler))
<BR>[Address Reference Count : 1]<UL><LI> stm32f10x_vector.o(RESET)
</UL>
<P><STRONG><a name="[1555ee0]"></a>TIM8_CC_IRQHandler</STRONG> (Thumb, 2 bytes, Stack size 0 bytes, stm32f10x_it.o(i.TIM8_CC_IRQHandler))
<BR>[Address Reference Count : 1]<UL><LI> stm32f10x_vector.o(RESET)
</UL>
<P><STRONG><a name="[1555ea4]"></a>TIM8_TRG_COM_IRQHandler</STRONG> (Thumb, 2 bytes, Stack size 0 bytes, stm32f10x_it.o(i.TIM8_TRG_COM_IRQHandler))
<BR>[Address Reference Count : 1]<UL><LI> stm32f10x_vector.o(RESET)
</UL>
<P><STRONG><a name="[1555e68]"></a>TIM8_UP_IRQHandler</STRONG> (Thumb, 2 bytes, Stack size 0 bytes, stm32f10x_it.o(i.TIM8_UP_IRQHandler))
<BR>[Address Reference Count : 1]<UL><LI> stm32f10x_vector.o(RESET)
</UL>
<P><STRONG><a name="[1555e2c]"></a>UART4_IRQHandler</STRONG> (Thumb, 2 bytes, Stack size 0 bytes, stm32f10x_it.o(i.UART4_IRQHandler))
<BR>[Address Reference Count : 1]<UL><LI> stm32f10x_vector.o(RESET)
</UL>
<P><STRONG><a name="[1555df0]"></a>UART5_IRQHandler</STRONG> (Thumb, 2 bytes, Stack size 0 bytes, stm32f10x_it.o(i.UART5_IRQHandler))
<BR>[Address Reference Count : 1]<UL><LI> stm32f10x_vector.o(RESET)
</UL>
<P><STRONG><a name="[1555db4]"></a>USART1_IRQHandler</STRONG> (Thumb, 2 bytes, Stack size 0 bytes, stm32f10x_it.o(i.USART1_IRQHandler))
<BR>[Address Reference Count : 1]<UL><LI> stm32f10x_vector.o(RESET)
</UL>
<P><STRONG><a name="[1555d78]"></a>USART2_IRQHandler</STRONG> (Thumb, 2 bytes, Stack size 0 bytes, stm32f10x_it.o(i.USART2_IRQHandler))
<BR>[Address Reference Count : 1]<UL><LI> stm32f10x_vector.o(RESET)
</UL>
<P><STRONG><a name="[1555d3c]"></a>USART3_IRQHandler</STRONG> (Thumb, 2 bytes, Stack size 0 bytes, stm32f10x_it.o(i.USART3_IRQHandler))
<BR>[Address Reference Count : 1]<UL><LI> stm32f10x_vector.o(RESET)
</UL>
<P><STRONG><a name="[15543ec]"></a>USART_ClockInit</STRONG> (Thumb, 30 bytes, Stack size 12 bytes, stm32f10x_usart.o(i.USART_ClockInit))
<BR><BR>[Stack]<UL><LI>Max Depth = 12<LI>Call Chain = USART_ClockInit
</UL>
<BR>[Called By]<UL><LI><a href="#[1554be4]">&gt;&gt;</a>&nbsp;&nbsp;&nbsp;USART_Configuration1
</UL>

<P><STRONG><a name="[15543b0]"></a>USART_Cmd</STRONG> (Thumb, 20 bytes, Stack size 0 bytes, stm32f10x_usart.o(i.USART_Cmd))
<BR><BR>[Called By]<UL><LI><a href="#[1554be4]">&gt;&gt;</a>&nbsp;&nbsp;&nbsp;USART_Configuration1
</UL>

<P><STRONG><a name="[1554be4]"></a>USART_Configuration1</STRONG> (Thumb, 86 bytes, Stack size 32 bytes, main.o(i.USART_Configuration1))
<BR><BR>[Stack]<UL><LI>Max Depth = 76<LI>Call Chain = USART_Configuration1 &rArr; USART_Init &rArr; RCC_GetClocksFreq
</UL>
<BR>[Calls]<UL><LI><a href="#[1554338]">&gt;&gt;</a>&nbsp;&nbsp;&nbsp;USART_Init
<LI><a href="#[15543b0]">&gt;&gt;</a>&nbsp;&nbsp;&nbsp;USART_Cmd
<LI><a href="#[15543ec]">&gt;&gt;</a>&nbsp;&nbsp;&nbsp;USART_ClockInit
</UL>
<BR>[Called By]<UL><LI><a href="#[1554b6c]">&gt;&gt;</a>&nbsp;&nbsp;&nbsp;main
</UL>

<P><STRONG><a name="[1554374]"></a>USART_GetFlagStatus</STRONG> (Thumb, 14 bytes, Stack size 0 bytes, stm32f10x_usart.o(i.USART_GetFlagStatus))
<BR><BR>[Called By]<UL><LI><a href="#[1554ba8]">&gt;&gt;</a>&nbsp;&nbsp;&nbsp;fputc
</UL>

<P><STRONG><a name="[1554338]"></a>USART_Init</STRONG> (Thumb, 130 bytes, Stack size 32 bytes, stm32f10x_usart.o(i.USART_Init))
<BR><BR>[Stack]<UL><LI>Max Depth = 44<LI>Call Chain = USART_Init &rArr; RCC_GetClocksFreq
</UL>
<BR>[Calls]<UL><LI><a href="#[1592574]">&gt;&gt;</a>&nbsp;&nbsp;&nbsp;RCC_GetClocksFreq
</UL>
<BR>[Called By]<UL><LI><a href="#[1554be4]">&gt;&gt;</a>&nbsp;&nbsp;&nbsp;USART_Configuration1
</UL>

<P><STRONG><a name="[15542fc]"></a>USART_SendData</STRONG> (Thumb, 8 bytes, Stack size 0 bytes, stm32f10x_usart.o(i.USART_SendData))
<BR><BR>[Called By]<UL><LI><a href="#[1554ba8]">&gt;&gt;</a>&nbsp;&nbsp;&nbsp;fputc
</UL>

<P><STRONG><a name="[1555d00]"></a>USBWakeUp_IRQHandler</STRONG> (Thumb, 2 bytes, Stack size 0 bytes, stm32f10x_it.o(i.USBWakeUp_IRQHandler))
<BR>[Address Reference Count : 1]<UL><LI> stm32f10x_vector.o(RESET)
</UL>
<P><STRONG><a name="[1555cc4]"></a>USB_HP_CAN_TX_IRQHandler</STRONG> (Thumb, 2 bytes, Stack size 0 bytes, stm32f10x_it.o(i.USB_HP_CAN_TX_IRQHandler))
<BR>[Address Reference Count : 1]<UL><LI> stm32f10x_vector.o(RESET)
</UL>
<P><STRONG><a name="[1555c88]"></a>USB_LP_CAN_RX0_IRQHandler</STRONG> (Thumb, 2 bytes, Stack size 0 bytes, stm32f10x_it.o(i.USB_LP_CAN_RX0_IRQHandler))
<BR>[Address Reference Count : 1]<UL><LI> stm32f10x_vector.o(RESET)
</UL>
<P><STRONG><a name="[1555c4c]"></a>UsageFaultException</STRONG> (Thumb, 4 bytes, Stack size 0 bytes, stm32f10x_it.o(i.UsageFaultException))
<BR>[Address Reference Count : 1]<UL><LI> stm32f10x_vector.o(RESET)
</UL>
<P><STRONG><a name="[1555c10]"></a>WWDG_IRQHandler</STRONG> (Thumb, 2 bytes, Stack size 0 bytes, stm32f10x_it.o(i.WWDG_IRQHandler))
<BR>[Address Reference Count : 1]<UL><LI> stm32f10x_vector.o(RESET)
</UL>
<P><STRONG><a name="[15e32a0]"></a>__0printf$8</STRONG> (Thumb, 22 bytes, Stack size 24 bytes, printf8.o(i.__0printf$8), UNUSED)
<BR><BR>[Calls]<UL><LI><a href="#[15e3480]">&gt;&gt;</a>&nbsp;&nbsp;&nbsp;_printf_core
</UL>

<P><STRONG><a name="[15e3264]"></a>__1printf$8</STRONG> (Thumb, 0 bytes, Stack size 24 bytes, printf8.o(i.__0printf$8), UNUSED)

<P><STRONG><a name="[15e3228]"></a>__2printf</STRONG> (Thumb, 0 bytes, Stack size 24 bytes, printf8.o(i.__0printf$8))
<BR><BR>[Stack]<UL><LI>Max Depth = 24<LI>Call Chain = __2printf
</UL>
<BR>[Called By]<UL><LI><a href="#[1554b6c]">&gt;&gt;</a>&nbsp;&nbsp;&nbsp;main
</UL>

<P><STRONG><a name="[15dfc7c]"></a>__scatterload_copy</STRONG> (Thumb, 14 bytes, Stack size unknown bytes, handlers.o(i.__scatterload_copy), UNUSED)

<P><STRONG><a name="[15dfc40]"></a>__scatterload_null</STRONG> (Thumb, 2 bytes, Stack size unknown bytes, handlers.o(i.__scatterload_null), UNUSED)

<P><STRONG><a name="[15dfc04]"></a>__scatterload_zeroinit</STRONG> (Thumb, 14 bytes, Stack size unknown bytes, handlers.o(i.__scatterload_zeroinit), UNUSED)

<P><STRONG><a name="[1554ba8]"></a>fputc</STRONG> (Thumb, 32 bytes, Stack size 16 bytes, main.o(i.fputc))
<BR><BR>[Stack]<UL><LI>Max Depth = 16<LI>Call Chain = fputc
</UL>
<BR>[Calls]<UL><LI><a href="#[15542fc]">&gt;&gt;</a>&nbsp;&nbsp;&nbsp;USART_SendData
<LI><a href="#[1554374]">&gt;&gt;</a>&nbsp;&nbsp;&nbsp;USART_GetFlagStatus
</UL>
<BR>[Address Reference Count : 1]<UL><LI> printf8.o(i.__0printf$8)
</UL>
<P><STRONG><a name="[1554b6c]"></a>main</STRONG> (Thumb, 280 bytes, Stack size 8 bytes, main.o(i.main))
<BR><BR>[Stack]<UL><LI>Max Depth = 84<LI>Call Chain = main &rArr; USART_Configuration1 &rArr; USART_Init &rArr; RCC_GetClocksFreq
</UL>
<BR>[Calls]<UL><LI><a href="#[1554860]">&gt;&gt;</a>&nbsp;&nbsp;&nbsp;DMA_Init
<LI><a href="#[155489c]">&gt;&gt;</a>&nbsp;&nbsp;&nbsp;DMA_DeInit
<LI><a href="#[15548d8]">&gt;&gt;</a>&nbsp;&nbsp;&nbsp;DMA_Cmd
<LI><a href="#[1554914]">&gt;&gt;</a>&nbsp;&nbsp;&nbsp;ADC_StartCalibration
<LI><a href="#[1554950]">&gt;&gt;</a>&nbsp;&nbsp;&nbsp;ADC_SoftwareStartConvCmd
<LI><a href="#[155498c]">&gt;&gt;</a>&nbsp;&nbsp;&nbsp;ADC_ResetCalibration
<LI><a href="#[15549c8]">&gt;&gt;</a>&nbsp;&nbsp;&nbsp;ADC_RegularChannelConfig
<LI><a href="#[1554a04]">&gt;&gt;</a>&nbsp;&nbsp;&nbsp;ADC_Init
<LI><a href="#[1554a40]">&gt;&gt;</a>&nbsp;&nbsp;&nbsp;ADC_GetResetCalibrationStatus
<LI><a href="#[1554a7c]">&gt;&gt;</a>&nbsp;&nbsp;&nbsp;ADC_GetConversionValue
<LI><a href="#[1554ab8]">&gt;&gt;</a>&nbsp;&nbsp;&nbsp;ADC_GetCalibrationStatus
<LI><a href="#[1554af4]">&gt;&gt;</a>&nbsp;&nbsp;&nbsp;ADC_DMACmd
<LI><a href="#[1554b30]">&gt;&gt;</a>&nbsp;&nbsp;&nbsp;ADC_Cmd
<LI><a href="#[1554be4]">&gt;&gt;</a>&nbsp;&nbsp;&nbsp;USART_Configuration1
<LI><a href="#[1554c20]">&gt;&gt;</a>&nbsp;&nbsp;&nbsp;RCC_Configuration
<LI><a href="#[1554c5c]">&gt;&gt;</a>&nbsp;&nbsp;&nbsp;NVIC_Configuration
<LI><a href="#[1554c98]">&gt;&gt;</a>&nbsp;&nbsp;&nbsp;GPIO_Configuration
<LI><a href="#[15e3228]">&gt;&gt;</a>&nbsp;&nbsp;&nbsp;__2printf
</UL>
<BR>[Address Reference Count : 1]<UL><LI> entry7.o(.ARM.Collect$$$$00000007)
</UL><P>
<H3>
Local Symbols
</H3>
<P><STRONG><a name="[15e3480]"></a>_printf_core</STRONG> (Thumb, 1102 bytes, Stack size 128 bytes, printf8.o(i._printf_core), UNUSED)
<BR><BR>[Calls]<UL><LI><a href="#[15e0a14]">&gt;&gt;</a>&nbsp;&nbsp;&nbsp;__aeabi_uldivmod
<LI><a href="#[15e3408]">&gt;&gt;</a>&nbsp;&nbsp;&nbsp;_printf_pre_padding
<LI><a href="#[15e3444]">&gt;&gt;</a>&nbsp;&nbsp;&nbsp;_printf_post_padding
</UL>
<BR>[Called By]<UL><LI><a href="#[15e32a0]">&gt;&gt;</a>&nbsp;&nbsp;&nbsp;__0printf$8
</UL>

<P><STRONG><a name="[15e3444]"></a>_printf_post_padding</STRONG> (Thumb, 36 bytes, Stack size 24 bytes, printf8.o(i._printf_post_padding), UNUSED)
<BR><BR>[Called By]<UL><LI><a href="#[15e3480]">&gt;&gt;</a>&nbsp;&nbsp;&nbsp;_printf_core
</UL>

<P><STRONG><a name="[15e3408]"></a>_printf_pre_padding</STRONG> (Thumb, 44 bytes, Stack size 24 bytes, printf8.o(i._printf_pre_padding), UNUSED)
<BR><BR>[Called By]<UL><LI><a href="#[15e3480]">&gt;&gt;</a>&nbsp;&nbsp;&nbsp;_printf_core
</UL>
<P>
<H3>
Undefined Global Symbols
</H3><HR></body></html>
