<html>
<body>
<pre>
<h1>礦ision Build Log</h1>
<h2>Project:</h2>
E:\淘宝相关\camera发布版\STM32双摄像头V2.0版开发板资料\stm32双摄像头源程序\QF-TEST-CMOS7725\RVMDK\V11\Project\Pro\QF-TEST-CMOS7725.uvproj
Project File Date:  05/02/2008

<h2>Output:</h2>
Build target 'QF_TEST_CMOS7725'
compiling stm32f10x_it.c...
compiling main.c...
..\..\USER\SRC\main.c(121): warning:  #1-D: last line of file ends without a newline
compiling USART.c...
..\..\USER\SRC\USART.c(212): warning:  #550-D: variable "RxBuffer2" was set but never used
compiling Nvic_Exit.c...
compiling delay.c...
compiling TFT.c...
compiling I2C.c...
compiling OV7725.c...
compiling misc.c...
compiling stm32f10x_gpio.c...
compiling stm32f10x_rcc.c...
compiling stm32f10x_usart.c...
compiling stm32f10x_exti.c...
assembling startup_stm32f10x_hd.s...
compiling core_cm3.c...
compiling system_stm32f10x.c...
linking...
Program Size: Code=11412 RO-data=3216 RW-data=112 ZI-data=1064  
FromELF: creating hex file...
"..\OBJ\QF_TEST_CMOS7725.axf" - 0 Error(s), 2 Warning(s).
