<html>
<body>
<pre>
<h1>礦ision Build Log</h1>
<h2>Project:</h2>
D:\kuaipan\MCU_Project\MCU_STM32\STM32串口输出MPU-9250\串口输出MPU9250\串口\lunzhou.uvproj
Project File Date:  03/31/2014

<h2>Output:</h2>
Rebuild target 'Target 1'
compiling main.c...
compiling stm32f10x_it.c...
compiling stm32f10x_rcc.c...
compiling stm32f10x_tim.c...
compiling stm32f10x_usart.c...
compiling stm32f10x_wwdg.c...
compiling misc.c...
compiling stm32f10x_gpio.c...
compiling stm32f10x_flash.c...
assembling startup_stm32f10x_hd.s...
compiling core_cm3.c...
compiling system_stm32f10x.c...
linking...
Program Size: Code=8020 RO-data=336 RW-data=40 ZI-data=1648  
FromELF: creating hex file...
".\lunzhou.axf" - 0 Error(s), 0 Warning(s).
</pre>
</body>
</html>
