<html>
<body>
<pre>
<h1>礦ision Build Log</h1>
<h2>Project:</h2>
D:\kuaipan\MCU_Project\MCU_STM32\STM32串口输出MPU-9150\串口输出MPU-6050\串口\lunzhou.uvproj
Project File Date:  10/09/2011

<h2>Output:</h2>
Build target 'Target 1'
compiling main.c...
linking...
Program Size: Code=8248 RO-data=336 RW-data=40 ZI-data=1648  
FromELF: creating hex file...
"lunzhou.axf" - 0 Error(s), 0 Warning(s).
Build target 'Target 1'
linking...
Program Size: Code=8248 RO-data=336 RW-data=40 ZI-data=1648  
FromELF: creating hex file...
"lunzhou.axf" - 0 Error(s), 0 Warning(s).
Build target 'Target 1'
compiling main.c...
linking...
Program Size: Code=6352 RO-data=336 RW-data=40 ZI-data=1648  
FromELF: creating hex file...
"lunzhou.axf" - 0 Error(s), 0 Warning(s).
Build target 'Target 1'
compiling main.c...
linking...
Program Size: Code=6344 RO-data=336 RW-data=40 ZI-data=1648  
FromELF: creating hex file...
"lunzhou.axf" - 0 Error(s), 0 Warning(s).
Build target 'Target 1'
linking...
Program Size: Code=6344 RO-data=336 RW-data=40 ZI-data=1648  
FromELF: creating hex file...
"lunzhou.axf" - 0 Error(s), 0 Warning(s).
Build target 'Target 1'
linking...
Program Size: Code=6344 RO-data=336 RW-data=40 ZI-data=1648  
FromELF: creating hex file...
"lunzhou.axf" - 0 Error(s), 0 Warning(s).
Build target 'Target 1'
compiling main.c...
linking...
Program Size: Code=6348 RO-data=336 RW-data=40 ZI-data=1648  
FromELF: creating hex file...
"lunzhou.axf" - 0 Error(s), 0 Warning(s).
